Product: MDK-ARM Lite 5.10
Component: ARM Compiler 5.04 update 1 (build 49)
Tool: armlink [5040049]

==============================================================================

Section Cross References

    arm_startup_nrf51.o(RESET) refers to arm_startup_nrf51.o(STACK) for __initial_sp
    arm_startup_nrf51.o(RESET) refers to arm_startup_nrf51.o(.text) for Reset_Handler
    arm_startup_nrf51.o(RESET) refers to app_gpiote.o(.text) for GPIOTE_IRQHandler
    arm_startup_nrf51.o(RESET) refers to app_timer.o(.text) for RTC1_IRQHandler
    arm_startup_nrf51.o(RESET) refers to softdevice_handler.o(.text) for SWI2_IRQHandler
    arm_startup_nrf51.o(.text) refers to system_nrf51.o(.text) for SystemInit
    arm_startup_nrf51.o(.text) refers to entry.o(.ARM.Collect$$$$00000000) for __main
    system_nrf51.o(.text) refers to system_nrf51.o(.data) for SystemCoreClock
    main.o(.text) refers to ble_debug_assert_handler.o(.text) for ble_debug_assert_handler
    main.o(.text) refers to alpine_boards.o(.text) for init_alpine_pins
    main.o(.text) refers to app_timer.o(.text) for app_timer_init
    main.o(.text) refers to memseta.o(.text) for __aeabi_memclr4
    main.o(.text) refers to ble_advdata.o(.text) for ble_advdata_set
    main.o(.text) refers to alpine_tl_state_machine.o(.text) for AddEventToTlSmQueue_extern
    main.o(.text) refers to idiv.o(.text) for __aeabi_idivmod
    main.o(.text) refers to app_state_machine.o(.text) for ble_sm_init
    main.o(.text) refers to ble_conn_params.o(.text) for ble_conn_params_init
    main.o(.text) refers to main.o(.bss) for APP_TIMER_BUF
    main.o(.text) refers to alpine_tl_state_machine.o(.data) for Regular_sm_timer
    main.o(.text) refers to main.o(.constdata) for .constdata
    main.o(.text) refers to main.o(.data) for num_packets
    main.o(.text) refers to memcpya.o(.text) for __aeabi_memcpy
    main.o(.text) refers to pstorage.o(.text) for pstorage_sys_event_handler
    main.o(.text) refers to softdevice_handler.o(.text) for softdevice_handler_init
    main.o(.text) refers to app_scheduler.o(.text) for app_sched_init
    main.o(.text) refers to app_gpiote.o(.text) for app_gpiote_init
    main.o(.text) refers to app_button.o(.text) for app_button_init
    ble_srv_common.o(.text) refers to main.o(.text) for app_error_handler
    ble_srv_common.o(.text) refers to strlen.o(.text) for strlen
    app_state_machine.o(.text) refers to memseta.o(.text) for __aeabi_memclr4
    app_state_machine.o(.text) refers to app_state_machine.o(.constdata) for .constdata
    ble_error_log.o(.text) refers to memcpya.o(.text) for __aeabi_memcpy4
    ble_error_log.o(.text) refers to strncpy.o(.text) for strncpy
    ble_error_log.o(.text) refers to arm_startup_nrf51.o(RESET) for __Vectors
    ble_error_log.o(.text) refers to ble_error_log.o(.bss) for m_ble_error_log
    pstorage.o(.text) refers to pstorage.o(i.__ARM_common_switch8) for __ARM_common_switch8
    pstorage.o(.text) refers to uidiv.o(.text) for __aeabi_uidivmod
    pstorage.o(.text) refers to pstorage.o(.bss) for m_cmd_queue
    pstorage.o(.text) refers to pstorage.o(.data) for m_round_val
    pstorage.o(.text) refers to memcpya.o(.text) for __aeabi_memcpy
    ble_advdata.o(.text) refers to memcpya.o(.text) for __aeabi_memcpy
    app_scheduler.o(.text) refers to main.o(.text) for app_error_handler
    app_scheduler.o(.text) refers to memcpya.o(.text) for __aeabi_memcpy
    app_scheduler.o(.text) refers to app_scheduler.o(.data) for m_queue_event_headers
    app_timer.o(.text) refers to app_timer.o(.emb_text) for __asm___11_app_timer_c_cd27f9c3__nrf_delay_us
    app_timer.o(.text) refers to main.o(.text) for app_error_handler
    app_timer.o(.text) refers to app_timer.o(.data) for m_rtc1_running
    ble_conn_params.o(.text) refers to memcpya.o(.text) for __aeabi_memcpy4
    ble_conn_params.o(.text) refers to app_timer.o(.text) for app_timer_create
    ble_conn_params.o(.text) refers to ble_conn_params.o(.data) for m_preferred_conn_params
    ble_conn_params.o(.text) refers to ble_conn_params.o(.bss) for m_conn_params_config
    softdevice_handler.o(.text) refers to main.o(.text) for assert_nrf_callback
    softdevice_handler.o(.text) refers to softdevice_handler.o(.data) for m_softdevice_enabled
    app_button.o(.text) refers to main.o(.text) for app_error_handler
    app_button.o(.text) refers to app_gpiote.o(.text) for app_gpiote_pins_state_get
    app_button.o(.text) refers to app_timer.o(.text) for app_timer_stop
    app_button.o(.text) refers to app_button.o(.data) for m_evt_schedule_func
    app_gpiote.o(.text) refers to memseta.o(.text) for __aeabi_memclr4
    app_gpiote.o(.text) refers to app_gpiote.o(.data) for mp_users
    ble_debug_assert_handler.o(.text) refers to strncpy.o(.text) for strncpy
    ble_debug_assert_handler.o(.text) refers to ble_debug_assert_handler.o(.bss) for s_file_name
    ble_debug_assert_handler.o(.text) refers to ble_debug_assert_handler.o(.data) for s_line_num
    alpine_tl_state_machine.o(.text) refers to app_timer.o(.text) for app_timer_start
    alpine_tl_state_machine.o(.text) refers to main.o(.text) for app_error_handler
    alpine_tl_state_machine.o(.text) refers to radian_stepper.o(.text) for SetStepperPWM
    alpine_tl_state_machine.o(.text) refers to memcpya.o(.text) for __aeabi_memcpy
    alpine_tl_state_machine.o(.text) refers to alpine_tl_state_machine.o(.data) for Regular_sm_timer
    alpine_tl_state_machine.o(.text) refers to alpine_tl_state_machine.o(.bss) for Current_packet
    alpine_tl_state_machine.o(.text) refers to alpine_tl_state_machine.o(.constdata) for .constdata
    alpine_boards.o(.text) refers to radian_stepper.o(.text) for InitStepperPins
    radian_stepper.o(.text) refers to radian_stepper.o(.data) for stepNum
    entry.o(.ARM.Collect$$$$00000000) refers (Special) to entry10a.o(.ARM.Collect$$$$0000000D) for __rt_final_cpp
    entry.o(.ARM.Collect$$$$00000000) refers (Special) to entry11a.o(.ARM.Collect$$$$0000000F) for __rt_final_exit
    entry.o(.ARM.Collect$$$$00000000) refers (Special) to entry7b.o(.ARM.Collect$$$$00000008) for _main_clock
    entry.o(.ARM.Collect$$$$00000000) refers (Special) to entry8b.o(.ARM.Collect$$$$0000000A) for _main_cpp_init
    entry.o(.ARM.Collect$$$$00000000) refers (Special) to entry9a.o(.ARM.Collect$$$$0000000B) for _main_init
    entry.o(.ARM.Collect$$$$00000000) refers (Special) to entry5.o(.ARM.Collect$$$$00000004) for _main_scatterload
    entry.o(.ARM.Collect$$$$00000000) refers (Special) to entry2.o(.ARM.Collect$$$$00000001) for _main_stk
    idiv.o(.text) refers to uidiv.o(.text) for __aeabi_uidivmod
    entry2.o(.ARM.Collect$$$$00000001) refers to entry2.o(.ARM.Collect$$$$00002712) for __lit__00000000
    entry2.o(.ARM.Collect$$$$00002712) refers to arm_startup_nrf51.o(STACK) for __initial_sp
    entry2.o(__vectab_stack_and_reset_area) refers to arm_startup_nrf51.o(STACK) for __initial_sp
    entry2.o(__vectab_stack_and_reset_area) refers to entry.o(.ARM.Collect$$$$00000000) for __main
    entry5.o(.ARM.Collect$$$$00000004) refers to init.o(.text) for __scatterload
    entry9a.o(.ARM.Collect$$$$0000000B) refers to main.o(.text) for main
    entry9b.o(.ARM.Collect$$$$0000000C) refers to main.o(.text) for main
    init.o(.text) refers to entry5.o(.ARM.Collect$$$$00000004) for __main_after_scatterload


==============================================================================

Removing Unused input sections from the image.

    Removing arm_startup_nrf51.o(HEAP), (2048 bytes).
    Removing system_nrf51.o(.rev16_text), (4 bytes).
    Removing system_nrf51.o(.revsh_text), (4 bytes).
    Removing main.o(.rev16_text), (4 bytes).
    Removing main.o(.revsh_text), (4 bytes).
    Removing ble_srv_common.o(.text), (136 bytes).
    Removing app_state_machine.o(.rev16_text), (4 bytes).
    Removing app_state_machine.o(.revsh_text), (4 bytes).
    Removing ble_error_log.o(.rev16_text), (4 bytes).
    Removing ble_error_log.o(.revsh_text), (4 bytes).
    Removing ble_error_log.o(.text), (96 bytes).
    Removing ble_error_log.o(.bss), (392 bytes).
    Removing pstorage.o(.rev16_text), (4 bytes).
    Removing pstorage.o(.revsh_text), (4 bytes).
    Removing crc16.o(.text), (68 bytes).
    Removing app_scheduler.o(.rev16_text), (4 bytes).
    Removing app_scheduler.o(.revsh_text), (4 bytes).
    Removing app_timer.o(.rev16_text), (4 bytes).
    Removing app_timer.o(.revsh_text), (4 bytes).
    Removing softdevice_handler.o(.rev16_text), (4 bytes).
    Removing softdevice_handler.o(.revsh_text), (4 bytes).
    Removing app_button.o(.rev16_text), (4 bytes).
    Removing app_button.o(.revsh_text), (4 bytes).
    Removing app_gpiote.o(.rev16_text), (4 bytes).
    Removing app_gpiote.o(.revsh_text), (4 bytes).
    Removing ble_debug_assert_handler.o(.rev16_text), (4 bytes).
    Removing ble_debug_assert_handler.o(.revsh_text), (4 bytes).
    Removing alpine_tl_state_machine.o(.rev16_text), (4 bytes).
    Removing alpine_tl_state_machine.o(.revsh_text), (4 bytes).
    Removing alpine_boards.o(.rev16_text), (4 bytes).
    Removing alpine_boards.o(.revsh_text), (4 bytes).
    Removing radian_stepper.o(.rev16_text), (4 bytes).
    Removing radian_stepper.o(.revsh_text), (4 bytes).

33 unused section(s) (total 2852 bytes) removed from the image.

==============================================================================

Image Symbol Table

    Local Symbols

    Symbol Name                              Value     Ov Type        Size  Object(Section)

    ../clib/../cmprslib/zerorunl.c           0x00000000   Number         0  __dczerorl.o ABSOLUTE
    ../clib/microlib/division.c              0x00000000   Number         0  idiv.o ABSOLUTE
    ../clib/microlib/division.c              0x00000000   Number         0  uidiv.o ABSOLUTE
    ../clib/microlib/init/entry.s            0x00000000   Number         0  entry10b.o ABSOLUTE
    ../clib/microlib/init/entry.s            0x00000000   Number         0  entry10a.o ABSOLUTE
    ../clib/microlib/init/entry.s            0x00000000   Number         0  entry9b.o ABSOLUTE
    ../clib/microlib/init/entry.s            0x00000000   Number         0  entry11b.o ABSOLUTE
    ../clib/microlib/init/entry.s            0x00000000   Number         0  entry11a.o ABSOLUTE
    ../clib/microlib/init/entry.s            0x00000000   Number         0  entry2.o ABSOLUTE
    ../clib/microlib/init/entry.s            0x00000000   Number         0  entry5.o ABSOLUTE
    ../clib/microlib/init/entry.s            0x00000000   Number         0  entry7a.o ABSOLUTE
    ../clib/microlib/init/entry.s            0x00000000   Number         0  entry7b.o ABSOLUTE
    ../clib/microlib/init/entry.s            0x00000000   Number         0  entry9a.o ABSOLUTE
    ../clib/microlib/init/entry.s            0x00000000   Number         0  entry8a.o ABSOLUTE
    ../clib/microlib/init/entry.s            0x00000000   Number         0  entry8b.o ABSOLUTE
    ../clib/microlib/init/entry.s            0x00000000   Number         0  entry.o ABSOLUTE
    ../clib/microlib/string/memcpy.c         0x00000000   Number         0  memcpya.o ABSOLUTE
    ../clib/microlib/string/memcpy.c         0x00000000   Number         0  memcpyb.o ABSOLUTE
    ../clib/microlib/string/memset.c         0x00000000   Number         0  memseta.o ABSOLUTE
    ../clib/microlib/string/strlen.c         0x00000000   Number         0  strlen.o ABSOLUTE
    ../clib/microlib/string/strncpy.c        0x00000000   Number         0  strncpy.o ABSOLUTE
    ..\..\..\..\..\Source\app_common\app_button.c 0x00000000   Number         0  app_button.o ABSOLUTE
    ..\..\..\..\..\Source\app_common\app_gpiote.c 0x00000000   Number         0  app_gpiote.o ABSOLUTE
    ..\..\..\..\..\Source\app_common\app_scheduler.c 0x00000000   Number         0  app_scheduler.o ABSOLUTE
    ..\..\..\..\..\Source\app_common\app_timer.c 0x00000000   Number         0  app_timer.o ABSOLUTE
    ..\..\..\..\..\Source\app_common\crc16.c 0x00000000   Number         0  crc16.o ABSOLUTE
    ..\..\..\..\..\Source\app_common\pstorage.c 0x00000000   Number         0  pstorage.o ABSOLUTE
    ..\..\..\..\..\Source\ble\ble_advdata.c  0x00000000   Number         0  ble_advdata.o ABSOLUTE
    ..\..\..\..\..\Source\ble\ble_conn_params.c 0x00000000   Number         0  ble_conn_params.o ABSOLUTE
    ..\..\..\..\..\Source\ble\ble_debug_assert_handler.c 0x00000000   Number         0  ble_debug_assert_handler.o ABSOLUTE
    ..\..\..\..\..\Source\ble\ble_error_log.c 0x00000000   Number         0  ble_error_log.o ABSOLUTE
    ..\..\..\..\..\Source\ble\ble_services\ble_srv_common.c 0x00000000   Number         0  ble_srv_common.o ABSOLUTE
    ..\..\..\..\..\Source\sd_common\softdevice_handler.c 0x00000000   Number         0  softdevice_handler.o ABSOLUTE
    ..\\..\\..\\..\\..\\Source\\app_common\\app_button.c 0x00000000   Number         0  app_button.o ABSOLUTE
    ..\\..\\..\\..\\..\\Source\\app_common\\app_gpiote.c 0x00000000   Number         0  app_gpiote.o ABSOLUTE
    ..\\..\\..\\..\\..\\Source\\app_common\\app_scheduler.c 0x00000000   Number         0  app_scheduler.o ABSOLUTE
    ..\\..\\..\\..\\..\\Source\\app_common\\app_timer.c 0x00000000   Number         0  app_timer.o ABSOLUTE
    ..\\..\\..\\..\\..\\Source\\app_common\\pstorage.c 0x00000000   Number         0  pstorage.o ABSOLUTE
    ..\\..\\..\\..\\..\\Source\\ble\\ble_debug_assert_handler.c 0x00000000   Number         0  ble_debug_assert_handler.o ABSOLUTE
    ..\\..\\..\\..\\..\\Source\\ble\\ble_error_log.c 0x00000000   Number         0  ble_error_log.o ABSOLUTE
    ..\\..\\..\\..\\..\\Source\\sd_common\\softdevice_handler.c 0x00000000   Number         0  softdevice_handler.o ABSOLUTE
    ..\\localLibs\\alpine_boards.c           0x00000000   Number         0  alpine_boards.o ABSOLUTE
    ..\\localLibs\\alpine_tl_state_machine.c 0x00000000   Number         0  alpine_tl_state_machine.o ABSOLUTE
    ..\\localLibs\\app_state_machine.c       0x00000000   Number         0  app_state_machine.o ABSOLUTE
    ..\\localLibs\\radian_stepper.c          0x00000000   Number         0  radian_stepper.o ABSOLUTE
    ..\\main.c                               0x00000000   Number         0  main.o ABSOLUTE
    ..\localLibs\alpine_boards.c             0x00000000   Number         0  alpine_boards.o ABSOLUTE
    ..\localLibs\alpine_tl_state_machine.c   0x00000000   Number         0  alpine_tl_state_machine.o ABSOLUTE
    ..\localLibs\app_state_machine.c         0x00000000   Number         0  app_state_machine.o ABSOLUTE
    ..\localLibs\radian_stepper.c            0x00000000   Number         0  radian_stepper.o ABSOLUTE
    ..\main.c                                0x00000000   Number         0  main.o ABSOLUTE
    RTE\Device\nRF51822_xxAA\arm_startup_nrf51.s 0x00000000   Number         0  arm_startup_nrf51.o ABSOLUTE
    RTE\Device\nRF51822_xxAA\system_nrf51.c  0x00000000   Number         0  system_nrf51.o ABSOLUTE
    RTE\\Device\\nRF51822_xxAA\\system_nrf51.c 0x00000000   Number         0  system_nrf51.o ABSOLUTE
    dc.s                                     0x00000000   Number         0  dc.o ABSOLUTE
    handlers.s                               0x00000000   Number         0  handlers.o ABSOLUTE
    init.s                                   0x00000000   Number         0  init.o ABSOLUTE
    RESET                                    0x00016000   Section      192  arm_startup_nrf51.o(RESET)
    .ARM.Collect$$$$00000000                 0x000160c0   Section        0  entry.o(.ARM.Collect$$$$00000000)
    .ARM.Collect$$$$00000001                 0x000160c0   Section        4  entry2.o(.ARM.Collect$$$$00000001)
    .ARM.Collect$$$$00000004                 0x000160c4   Section        4  entry5.o(.ARM.Collect$$$$00000004)
    .ARM.Collect$$$$00000008                 0x000160c8   Section        0  entry7b.o(.ARM.Collect$$$$00000008)
    .ARM.Collect$$$$0000000A                 0x000160c8   Section        0  entry8b.o(.ARM.Collect$$$$0000000A)
    .ARM.Collect$$$$0000000B                 0x000160c8   Section        8  entry9a.o(.ARM.Collect$$$$0000000B)
    .ARM.Collect$$$$0000000D                 0x000160d0   Section        0  entry10a.o(.ARM.Collect$$$$0000000D)
    .ARM.Collect$$$$0000000F                 0x000160d0   Section        0  entry11a.o(.ARM.Collect$$$$0000000F)
    .ARM.Collect$$$$00002712                 0x000160d0   Section        4  entry2.o(.ARM.Collect$$$$00002712)
    __lit__00000000                          0x000160d0   Data           4  entry2.o(.ARM.Collect$$$$00002712)
    .emb_text                                0x000160d4   Section       30  app_timer.o(.emb_text)
    .text                                    0x000160f4   Section       56  arm_startup_nrf51.o(.text)
    .text                                    0x0001612c   Section        0  system_nrf51.o(.text)
    is_disabled_in_debug_needed              0x00016135   Thumb Code    52  system_nrf51.o(.text)
    is_manual_peripheral_setup_needed        0x00016169   Thumb Code   104  system_nrf51.o(.text)
    .text                                    0x00016214   Section        0  main.o(.text)
    pins_init                                0x0001623b   Thumb Code     8  main.o(.text)
    timers_init                              0x00016243   Thumb Code   158  main.o(.text)
    gap_params_init                          0x000162e1   Thumb Code   124  main.o(.text)
    advertising_init                         0x0001635d   Thumb Code    86  main.o(.text)
    shutter_write_handler                    0x000163b3   Thumb Code    26  main.o(.text)
    tl_pkt_write_handler                     0x000163cd   Thumb Code   142  main.o(.text)
    services_init                            0x0001645b   Thumb Code    52  main.o(.text)
    sec_params_init                          0x0001648f   Thumb Code    66  main.o(.text)
    on_conn_params_evt                       0x000164d1   Thumb Code    48  main.o(.text)
    conn_params_error_handler                0x00016501   Thumb Code    22  main.o(.text)
    conn_params_init                         0x00016517   Thumb Code    82  main.o(.text)
    timers_start                             0x00016569   Thumb Code    46  main.o(.text)
    advertising_start                        0x00016597   Thumb Code    74  main.o(.text)
    on_ble_evt                               0x000165e1   Thumb Code   464  main.o(.text)
    ble_evt_dispatch                         0x000167b1   Thumb Code    26  main.o(.text)
    sys_evt_dispatch                         0x000167cb   Thumb Code    12  main.o(.text)
    ble_stack_init                           0x000167d7   Thumb Code   154  main.o(.text)
    scheduler_init                           0x00016871   Thumb Code    46  main.o(.text)
    gpiote_init                              0x0001689f   Thumb Code    44  main.o(.text)
    input_interrupts_init                    0x000168cb   Thumb Code    48  main.o(.text)
    power_manage                             0x000168fb   Thumb Code    34  main.o(.text)
    nrf_gpio_pin_set                         0x0001695d   Thumb Code    10  main.o(.text)
    nrf_gpio_pin_clear                       0x00016967   Thumb Code    10  main.o(.text)
    app_timer_evt_schedule                   0x00016971   Thumb Code    22  main.o(.text)
    app_button_evt_schedule                  0x00016987   Thumb Code    26  main.o(.text)
    app_timer_evt_get                        0x000169a1   Thumb Code    50  main.o(.text)
    app_button_evt_get                       0x000169d3   Thumb Code    50  main.o(.text)
    .text                                    0x00016aa4   Section        0  app_state_machine.o(.text)
    on_connect                               0x00016aa5   Thumb Code     6  app_state_machine.o(.text)
    on_disconnect                            0x00016aab   Thumb Code     8  app_state_machine.o(.text)
    on_write                                 0x00016ab3   Thumb Code    58  app_state_machine.o(.text)
    sm_state_char_add                        0x00016aed   Thumb Code   324  app_state_machine.o(.text)
    sm_time_char_add                         0x00016c31   Thumb Code   326  app_state_machine.o(.text)
    sm_tl_pkt_char_add                       0x00016d77   Thumb Code   248  app_state_machine.o(.text)
    sm_shutter_char_add                      0x00016e6f   Thumb Code   254  app_state_machine.o(.text)
    .text                                    0x00017054   Section        0  pstorage.o(.text)
    cmd_queue_element_init                   0x00017055   Thumb Code    56  pstorage.o(.text)
    cmd_queue_init                           0x0001708d   Thumb Code    40  pstorage.o(.text)
    swap_state_process                       0x000170b5   Thumb Code   578  pstorage.o(.text)
    cmd_process                              0x000172f7   Thumb Code   382  pstorage.o(.text)
    cmd_queue_enqueue                        0x00017475   Thumb Code   138  pstorage.o(.text)
    app_notify                               0x000174ff   Thumb Code   100  pstorage.o(.text)
    cmd_queue_dequeue                        0x00017563   Thumb Code    36  pstorage.o(.text)
    is_word_aligned                          0x00017cd3   Thumb Code    18  pstorage.o(.text)
    .text                                    0x00017cec   Section        0  ble_advdata.o(.text)
    name_encode                              0x00017ced   Thumb Code   150  ble_advdata.o(.text)
    appearance_encode                        0x00017d83   Thumb Code    74  ble_advdata.o(.text)
    uint8_array_encode                       0x00017dcd   Thumb Code    82  ble_advdata.o(.text)
    tx_power_level_encode                    0x00017e1f   Thumb Code    48  ble_advdata.o(.text)
    uuid_list_sized_encode                   0x00017e4f   Thumb Code   196  ble_advdata.o(.text)
    uuid_list_encode                         0x00017f13   Thumb Code    64  ble_advdata.o(.text)
    conn_int_check                           0x00017f53   Thumb Code    88  ble_advdata.o(.text)
    conn_int_encode                          0x00017fab   Thumb Code    92  ble_advdata.o(.text)
    manuf_specific_data_encode               0x00018007   Thumb Code   106  ble_advdata.o(.text)
    service_data_encode                      0x00018071   Thumb Code   140  ble_advdata.o(.text)
    adv_data_encode                          0x000180fd   Thumb Code   302  ble_advdata.o(.text)
    advdata_check                            0x0001822b   Thumb Code    34  ble_advdata.o(.text)
    srdata_check                             0x0001824d   Thumb Code    16  ble_advdata.o(.text)
    uint16_encode                            0x000182d7   Thumb Code    18  ble_advdata.o(.text)
    .text                                    0x000182ec   Section        0  app_scheduler.o(.text)
    app_sched_event_get                      0x0001841d   Thumb Code    84  app_scheduler.o(.text)
    current_int_priority_get                 0x0001848f   Thumb Code    84  app_scheduler.o(.text)
    next_index                               0x000184e3   Thumb Code    20  app_scheduler.o(.text)
    .text                                    0x00018550   Section        0  app_timer.o(.text)
    NVIC_SetPriority                         0x00018551   Thumb Code   110  app_timer.o(.text)
    rtc1_init                                0x000185bf   Thumb Code    18  app_timer.o(.text)
    rtc1_start                               0x000185d1   Thumb Code    48  app_timer.o(.text)
    rtc1_stop                                0x00018601   Thumb Code    68  app_timer.o(.text)
    timer_list_insert                        0x00018645   Thumb Code   212  app_timer.o(.text)
    timer_list_remove                        0x00018719   Thumb Code   170  app_timer.o(.text)
    timer_timeouts_check_sched               0x000187c3   Thumb Code    10  app_timer.o(.text)
    timer_list_handler_sched                 0x000187cd   Thumb Code    10  app_timer.o(.text)
    timeout_handler_exec                     0x000187d7   Thumb Code    60  app_timer.o(.text)
    timer_timeouts_check                     0x00018813   Thumb Code   132  app_timer.o(.text)
    elapsed_ticks_acquire                    0x00018897   Thumb Code    82  app_timer.o(.text)
    list_deletions_handler                   0x000188e9   Thumb Code   284  app_timer.o(.text)
    expired_timers_handler                   0x00018a05   Thumb Code   100  app_timer.o(.text)
    list_insertions_handler                  0x00018a69   Thumb Code   264  app_timer.o(.text)
    compare_reg_update                       0x00018b71   Thumb Code   124  app_timer.o(.text)
    timer_list_handler                       0x00018bed   Thumb Code    70  app_timer.o(.text)
    user_op_enque                            0x00018c33   Thumb Code     4  app_timer.o(.text)
    user_op_alloc                            0x00018c37   Thumb Code    44  app_timer.o(.text)
    timer_start_op_schedule                  0x00018c63   Thumb Code    80  app_timer.o(.text)
    timer_stop_op_schedule                   0x00018cb3   Thumb Code    58  app_timer.o(.text)
    timer_stop_all_op_schedule               0x00018ced   Thumb Code    58  app_timer.o(.text)
    user_id_get                              0x00018eb7   Thumb Code    34  app_timer.o(.text)
    NVIC_EnableIRQ                           0x00018fb5   Thumb Code    14  app_timer.o(.text)
    NVIC_SetPendingIRQ                       0x00018fc3   Thumb Code    14  app_timer.o(.text)
    NVIC_ClearPendingIRQ                     0x00018fd1   Thumb Code    16  app_timer.o(.text)
    current_int_priority_get                 0x00018fe1   Thumb Code    84  app_timer.o(.text)
    rtc1_counter_get                         0x00019035   Thumb Code     6  app_timer.o(.text)
    ticks_diff_get                           0x0001903b   Thumb Code    10  app_timer.o(.text)
    .text                                    0x00019074   Section        0  ble_conn_params.o(.text)
    is_conn_params_ok                        0x00019075   Thumb Code    30  ble_conn_params.o(.text)
    update_timeout_handler                   0x00019093   Thumb Code   136  ble_conn_params.o(.text)
    conn_params_negotiation                  0x00019181   Thumb Code   126  ble_conn_params.o(.text)
    on_connect                               0x000191ff   Thumb Code    42  ble_conn_params.o(.text)
    on_disconnect                            0x00019229   Thumb Code    50  ble_conn_params.o(.text)
    on_write                                 0x0001925b   Thumb Code    84  ble_conn_params.o(.text)
    on_conn_params_update                    0x000192af   Thumb Code    20  ble_conn_params.o(.text)
    .text                                    0x0001937c   Section        0  softdevice_handler.o(.text)
    .text                                    0x00019550   Section        0  app_button.o(.text)
    button_handler_execute                   0x00019551   Thumb Code    82  app_button.o(.text)
    detection_delay_timeout_handler          0x000195a3   Thumb Code   144  app_button.o(.text)
    gpiote_event_handler                     0x00019633   Thumb Code    52  app_button.o(.text)
    .text                                    0x000197ec   Section        0  app_gpiote.o(.text)
    sense_level_toggle                       0x000197ed   Thumb Code   128  app_gpiote.o(.text)
    pins_sense_disable                       0x0001990b   Thumb Code    98  app_gpiote.o(.text)
    NVIC_SetPriority                         0x00019bc3   Thumb Code   110  app_gpiote.o(.text)
    .text                                    0x00019c58   Section        0  ble_debug_assert_handler.o(.text)
    .text                                    0x00019c94   Section        0  alpine_tl_state_machine.o(.text)
    SetTimer                                 0x00019caf   Thumb Code    58  alpine_tl_state_machine.o(.text)
    InitForNewTL                             0x00019ce9   Thumb Code     2  alpine_tl_state_machine.o(.text)
    ProcessTLSettings                        0x00019ceb   Thumb Code     8  alpine_tl_state_machine.o(.text)
    ParsePacketPreamble                      0x00019cf3   Thumb Code     2  alpine_tl_state_machine.o(.text)
    ProcessingPacketState                    0x00019cf5   Thumb Code    90  alpine_tl_state_machine.o(.text)
    HandlePreloadSettings                    0x00019d4f   Thumb Code    86  alpine_tl_state_machine.o(.text)
    UpdateCycleSettings                      0x00019da5   Thumb Code   172  alpine_tl_state_machine.o(.text)
    MovingState                              0x00019e51   Thumb Code   134  alpine_tl_state_machine.o(.text)
    InitNewTL                                0x00019ed7   Thumb Code     8  alpine_tl_state_machine.o(.text)
    FrontDelayState                          0x00019edf   Thumb Code    30  alpine_tl_state_machine.o(.text)
    HandleShutterDone                        0x00019efd   Thumb Code    22  alpine_tl_state_machine.o(.text)
    TakingPhotoState                         0x00019f13   Thumb Code   162  alpine_tl_state_machine.o(.text)
    HandleStateMachineEvent                  0x00019fb5   Thumb Code   124  alpine_tl_state_machine.o(.text)
    AddEventToTlSmQueue_intern               0x0001a16f   Thumb Code    78  alpine_tl_state_machine.o(.text)
    SetPeripheralTimer                       0x0001a1d5   Thumb Code    20  alpine_tl_state_machine.o(.text)
    GetEepromValues                          0x0001a239   Thumb Code     2  alpine_tl_state_machine.o(.text)
    nrf_gpio_pin_set                         0x0001a297   Thumb Code    10  alpine_tl_state_machine.o(.text)
    nrf_gpio_pin_clear                       0x0001a2a1   Thumb Code    10  alpine_tl_state_machine.o(.text)
    .text                                    0x0001a2cc   Section        0  alpine_boards.o(.text)
    nrf_gpio_cfg_output                      0x0001a361   Thumb Code    18  alpine_boards.o(.text)
    nrf_gpio_cfg_input                       0x0001a373   Thumb Code    20  alpine_boards.o(.text)
    .text                                    0x0001a388   Section        0  radian_stepper.o(.text)
    nrf_gpio_cfg_output                      0x0001a49f   Thumb Code    18  radian_stepper.o(.text)
    nrf_gpio_pin_set                         0x0001a4b1   Thumb Code    10  radian_stepper.o(.text)
    nrf_gpio_pin_clear                       0x0001a4bb   Thumb Code    10  radian_stepper.o(.text)
    .text                                    0x0001a4cc   Section        0  uidiv.o(.text)
    .text                                    0x0001a4f8   Section        0  idiv.o(.text)
    .text                                    0x0001a520   Section        0  memcpya.o(.text)
    .text                                    0x0001a544   Section        0  memseta.o(.text)
    .text                                    0x0001a568   Section        0  strncpy.o(.text)
    .text                                    0x0001a584   Section       36  init.o(.text)
    .text                                    0x0001a5a8   Section        0  __dczerorl.o(.text)
    i.__ARM_common_switch8                   0x0001a5e2   Section        0  pstorage.o(i.__ARM_common_switch8)
    i.__scatterload_copy                     0x0001a5fe   Section       14  handlers.o(i.__scatterload_copy)
    i.__scatterload_null                     0x0001a60c   Section        2  handlers.o(i.__scatterload_null)
    i.__scatterload_zeroinit                 0x0001a60e   Section       14  handlers.o(i.__scatterload_zeroinit)
    .constdata                               0x0001a61c   Section        4  main.o(.constdata)
    .constdata                               0x0001a620   Section       16  app_state_machine.o(.constdata)
    .constdata                               0x0001a630   Section        6  alpine_tl_state_machine.o(.constdata)
    .data                                    0x20002000   Section        4  system_nrf51.o(.data)
    __tagsym$$used                           0x20002000   Number         0  system_nrf51.o(.data)
    .data                                    0x20002004   Section       20  main.o(.data)
    m_sec_params                             0x20002004   Data           6  main.o(.data)
    m_conn_handle                            0x2000200a   Data           2  main.o(.data)
    num_packets                              0x2000200c   Data           1  main.o(.data)
    last_packet_num                          0x2000200d   Data           1  main.o(.data)
    buttons                                  0x20002010   Data           8  main.o(.data)
    .data                                    0x20002018   Section       12  pstorage.o(.data)
    m_next_app_instance                      0x20002018   Data           2  pstorage.o(.data)
    m_next_page_addr                         0x2000201c   Data           4  pstorage.o(.data)
    m_round_val                              0x20002020   Data           2  pstorage.o(.data)
    m_module_initialized                     0x20002022   Data           1  pstorage.o(.data)
    m_swap_state                             0x20002023   Data           1  pstorage.o(.data)
    .data                                    0x20002024   Section       14  app_scheduler.o(.data)
    m_queue_event_headers                    0x20002024   Data           4  app_scheduler.o(.data)
    m_queue_event_data                       0x20002028   Data           4  app_scheduler.o(.data)
    m_queue_start_index                      0x2000202c   Data           1  app_scheduler.o(.data)
    m_queue_end_index                        0x2000202d   Data           1  app_scheduler.o(.data)
    m_queue_event_size                       0x2000202e   Data           2  app_scheduler.o(.data)
    m_queue_size                             0x20002030   Data           2  app_scheduler.o(.data)
    .data                                    0x20002034   Section       41  app_timer.o(.data)
    m_node_array_size                        0x20002034   Data           1  app_timer.o(.data)
    mp_nodes                                 0x20002038   Data           4  app_timer.o(.data)
    m_user_array_size                        0x2000203c   Data           1  app_timer.o(.data)
    mp_users                                 0x20002040   Data           4  app_timer.o(.data)
    m_timer_id_head                          0x20002044   Data           4  app_timer.o(.data)
    m_ticks_latest                           0x20002048   Data           4  app_timer.o(.data)
    m_ticks_elapsed                          0x2000204c   Data           8  app_timer.o(.data)
    m_ticks_elapsed_q_read_ind               0x20002054   Data           1  app_timer.o(.data)
    m_ticks_elapsed_q_write_ind              0x20002055   Data           1  app_timer.o(.data)
    m_evt_schedule_func                      0x20002058   Data           4  app_timer.o(.data)
    m_rtc1_running                           0x2000205c   Data           1  app_timer.o(.data)
    .data                                    0x20002060   Section       25  ble_conn_params.o(.data)
    m_preferred_conn_params                  0x20002060   Data           8  ble_conn_params.o(.data)
    m_update_count                           0x20002068   Data           1  ble_conn_params.o(.data)
    m_conn_handle                            0x2000206a   Data           2  ble_conn_params.o(.data)
    m_current_conn_params                    0x2000206c   Data           8  ble_conn_params.o(.data)
    m_conn_params_timer_id                   0x20002074   Data           4  ble_conn_params.o(.data)
    m_change_param                           0x20002078   Data           1  ble_conn_params.o(.data)
    .data                                    0x2000207c   Section       20  softdevice_handler.o(.data)
    m_evt_schedule_func                      0x2000207c   Data           4  softdevice_handler.o(.data)
    m_evt_buffer                             0x20002080   Data           4  softdevice_handler.o(.data)
    m_ble_evt_buffer_size                    0x20002084   Data           2  softdevice_handler.o(.data)
    m_softdevice_enabled                     0x20002086   Data           1  softdevice_handler.o(.data)
    m_ble_evt_handler                        0x20002088   Data           4  softdevice_handler.o(.data)
    m_sys_evt_handler                        0x2000208c   Data           4  softdevice_handler.o(.data)
    .data                                    0x20002090   Section       32  app_button.o(.data)
    mp_buttons                               0x20002090   Data           4  app_button.o(.data)
    m_button_count                           0x20002094   Data           1  app_button.o(.data)
    m_detection_delay                        0x20002098   Data           4  app_button.o(.data)
    m_evt_schedule_func                      0x2000209c   Data           4  app_button.o(.data)
    m_gpiote_user_id                         0x200020a0   Data           1  app_button.o(.data)
    m_detection_delay_timer_id               0x200020a4   Data           4  app_button.o(.data)
    m_pin_transition                         0x200020a8   Data           8  app_button.o(.data)
    .data                                    0x200020b0   Section       12  app_gpiote.o(.data)
    m_enabled_users_mask                     0x200020b0   Data           4  app_gpiote.o(.data)
    m_user_array_size                        0x200020b4   Data           1  app_gpiote.o(.data)
    m_user_count                             0x200020b5   Data           1  app_gpiote.o(.data)
    mp_users                                 0x200020b8   Data           4  app_gpiote.o(.data)
    .data                                    0x200020bc   Section        8  ble_debug_assert_handler.o(.data)
    s_line_num                               0x200020bc   Data           2  ble_debug_assert_handler.o(.data)
    s_error_code                             0x200020c0   Data           4  ble_debug_assert_handler.o(.data)
    .data                                    0x200020c4   Section      126  alpine_tl_state_machine.o(.data)
    step_on_carbon                           0x20002114   Data           1  alpine_tl_state_machine.o(.data)
    step_idle_carbon                         0x20002115   Data           1  alpine_tl_state_machine.o(.data)
    num_steps                                0x20002118   Data           4  alpine_tl_state_machine.o(.data)
    cycle_time_ms                            0x2000211c   Data           4  alpine_tl_state_machine.o(.data)
    step_time_ms                             0x20002120   Data           4  alpine_tl_state_machine.o(.data)
    temp                                     0x20002124   Data           4  alpine_tl_state_machine.o(.data)
    sub_state                                0x20002128   Data           1  alpine_tl_state_machine.o(.data)
    sub_state                                0x20002129   Data           1  alpine_tl_state_machine.o(.data)
    num_steps_taken                          0x2000212a   Data           1  alpine_tl_state_machine.o(.data)
    nil                                      0x2000212c   Data           4  alpine_tl_state_machine.o(.data)
    nil                                      0x20002130   Data           4  alpine_tl_state_machine.o(.data)
    event                                    0x20002134   Data           6  alpine_tl_state_machine.o(.data)
    i                                        0x2000213a   Data           1  alpine_tl_state_machine.o(.data)
    null_evt_struct                          0x2000213c   Data           6  alpine_tl_state_machine.o(.data)
    .data                                    0x20002144   Section        4  radian_stepper.o(.data)
    stepNum                                  0x20002144   Data           4  radian_stepper.o(.data)
    .bss                                     0x20002148   Section     1168  main.o(.bss)
    m_ble_sm                                 0x20002148   Data          56  main.o(.bss)
    APP_TIMER_BUF                            0x20002180   Data         696  main.o(.bss)
    incoming_vals                            0x20002438   Data          90  main.o(.bss)
    m_auth_status                            0x20002492   Data          50  main.o(.bss)
    EVT_BUFFER                               0x200024c4   Data          80  main.o(.bss)
    APP_SCHED_BUF                            0x20002514   Data         176  main.o(.bss)
    app_gpiote_buf                           0x200025c4   Data          20  main.o(.bss)
    .bss                                     0x200025d8   Section      636  pstorage.o(.bss)
    m_cmd_queue                              0x200025d8   Data         604  pstorage.o(.bss)
    m_app_table                              0x20002834   Data          32  pstorage.o(.bss)
    .bss                                     0x20002854   Section       28  ble_conn_params.o(.bss)
    m_conn_params_config                     0x20002854   Data          28  ble_conn_params.o(.bss)
    .bss                                     0x20002870   Section      128  ble_debug_assert_handler.o(.bss)
    s_file_name                              0x20002870   Data         128  ble_debug_assert_handler.o(.bss)
    .bss                                     0x200028f0   Section      150  alpine_tl_state_machine.o(.bss)
    STACK                                    0x20002988   Section     2048  arm_startup_nrf51.o(STACK)

    Global Symbols

    Symbol Name                              Value     Ov Type        Size  Object(Section)

    BuildAttributes$$THM_ISAv3M$S$PE$A:L22$X:L11$S22$IEEE1$IW$USESV6$~STKCKD$USESV7$~SHL$OSPACE$EBA8$MICROLIB$REQ8$PRES8$EABIv2 0x00000000   Number         0  anon$$obj.o ABSOLUTE
    __ARM_use_no_argv                        0x00000000   Number         0  main.o ABSOLUTE
    __cpp_initialize__aeabi_                  - Undefined Weak Reference
    __cxa_finalize                            - Undefined Weak Reference
    _clock_init                               - Undefined Weak Reference
    _microlib_exit                            - Undefined Weak Reference
    __Vectors_Size                           0x000000c0   Number         0  arm_startup_nrf51.o ABSOLUTE
    __Vectors                                0x00016000   Data           4  arm_startup_nrf51.o(RESET)
    __Vectors_End                            0x000160c0   Data           0  arm_startup_nrf51.o(RESET)
    __main                                   0x000160c1   Thumb Code     0  entry.o(.ARM.Collect$$$$00000000)
    _main_stk                                0x000160c1   Thumb Code     0  entry2.o(.ARM.Collect$$$$00000001)
    _main_scatterload                        0x000160c5   Thumb Code     0  entry5.o(.ARM.Collect$$$$00000004)
    __main_after_scatterload                 0x000160c9   Thumb Code     0  entry5.o(.ARM.Collect$$$$00000004)
    _main_clock                              0x000160c9   Thumb Code     0  entry7b.o(.ARM.Collect$$$$00000008)
    _main_cpp_init                           0x000160c9   Thumb Code     0  entry8b.o(.ARM.Collect$$$$0000000A)
    _main_init                               0x000160c9   Thumb Code     0  entry9a.o(.ARM.Collect$$$$0000000B)
    __rt_final_cpp                           0x000160d1   Thumb Code     0  entry10a.o(.ARM.Collect$$$$0000000D)
    __rt_final_exit                          0x000160d1   Thumb Code     0  entry11a.o(.ARM.Collect$$$$0000000F)
    __asm___11_app_timer_c_cd27f9c3__nrf_delay_us 0x000160d5   Thumb Code    30  app_timer.o(.emb_text)
    Reset_Handler                            0x000160f5   Thumb Code    26  arm_startup_nrf51.o(.text)
    NMI_Handler                              0x0001610f   Thumb Code     2  arm_startup_nrf51.o(.text)
    HardFault_Handler                        0x00016111   Thumb Code     2  arm_startup_nrf51.o(.text)
    SVC_Handler                              0x00016113   Thumb Code     2  arm_startup_nrf51.o(.text)
    PendSV_Handler                           0x00016115   Thumb Code     2  arm_startup_nrf51.o(.text)
    SysTick_Handler                          0x00016117   Thumb Code     2  arm_startup_nrf51.o(.text)
    ADC_IRQHandler                           0x00016119   Thumb Code     0  arm_startup_nrf51.o(.text)
    CCM_AAR_IRQHandler                       0x00016119   Thumb Code     0  arm_startup_nrf51.o(.text)
    ECB_IRQHandler                           0x00016119   Thumb Code     0  arm_startup_nrf51.o(.text)
    LPCOMP_IRQHandler                        0x00016119   Thumb Code     0  arm_startup_nrf51.o(.text)
    POWER_CLOCK_IRQHandler                   0x00016119   Thumb Code     0  arm_startup_nrf51.o(.text)
    QDEC_IRQHandler                          0x00016119   Thumb Code     0  arm_startup_nrf51.o(.text)
    RADIO_IRQHandler                         0x00016119   Thumb Code     0  arm_startup_nrf51.o(.text)
    RNG_IRQHandler                           0x00016119   Thumb Code     0  arm_startup_nrf51.o(.text)
    RTC0_IRQHandler                          0x00016119   Thumb Code     0  arm_startup_nrf51.o(.text)
    SPI0_TWI0_IRQHandler                     0x00016119   Thumb Code     0  arm_startup_nrf51.o(.text)
    SPI1_TWI1_IRQHandler                     0x00016119   Thumb Code     0  arm_startup_nrf51.o(.text)
    SWI1_IRQHandler                          0x00016119   Thumb Code     0  arm_startup_nrf51.o(.text)
    SWI3_IRQHandler                          0x00016119   Thumb Code     0  arm_startup_nrf51.o(.text)
    SWI4_IRQHandler                          0x00016119   Thumb Code     0  arm_startup_nrf51.o(.text)
    SWI5_IRQHandler                          0x00016119   Thumb Code     0  arm_startup_nrf51.o(.text)
    TEMP_IRQHandler                          0x00016119   Thumb Code     0  arm_startup_nrf51.o(.text)
    TIMER0_IRQHandler                        0x00016119   Thumb Code     0  arm_startup_nrf51.o(.text)
    TIMER1_IRQHandler                        0x00016119   Thumb Code     0  arm_startup_nrf51.o(.text)
    TIMER2_IRQHandler                        0x00016119   Thumb Code     0  arm_startup_nrf51.o(.text)
    UART0_IRQHandler                         0x00016119   Thumb Code     0  arm_startup_nrf51.o(.text)
    WDT_IRQHandler                           0x00016119   Thumb Code     0  arm_startup_nrf51.o(.text)
    SystemCoreClockUpdate                    0x0001612d   Thumb Code     8  system_nrf51.o(.text)
    SystemInit                               0x000161d1   Thumb Code    38  system_nrf51.o(.text)
    app_error_handler                        0x00016215   Thumb Code    20  main.o(.text)
    assert_nrf_callback                      0x00016229   Thumb Code    18  main.o(.text)
    main                                     0x0001691d   Thumb Code    64  main.o(.text)
    ble_sm_on_ble_evt                        0x00016f6d   Thumb Code    58  app_state_machine.o(.text)
    ble_sm_init                              0x00016fa7   Thumb Code   158  app_state_machine.o(.text)
    ble_sm_state_update                      0x00017045   Thumb Code     6  app_state_machine.o(.text)
    pstorage_sys_event_handler               0x00017587   Thumb Code   326  pstorage.o(.text)
    pstorage_init                            0x000176cd   Thumb Code   196  pstorage.o(.text)
    pstorage_register                        0x00017791   Thumb Code   360  pstorage.o(.text)
    pstorage_block_identifier_get            0x000178f9   Thumb Code   136  pstorage.o(.text)
    pstorage_store                           0x00017981   Thumb Code   202  pstorage.o(.text)
    pstorage_update                          0x00017a4b   Thumb Code   202  pstorage.o(.text)
    pstorage_load                            0x00017b15   Thumb Code   226  pstorage.o(.text)
    pstorage_clear                           0x00017bf7   Thumb Code   184  pstorage.o(.text)
    pstorage_access_status_get               0x00017caf   Thumb Code    36  pstorage.o(.text)
    ble_advdata_set                          0x0001825d   Thumb Code   122  ble_advdata.o(.text)
    app_sched_init                           0x000182ed   Thumb Code    66  app_scheduler.o(.text)
    app_sched_event_put                      0x0001832f   Thumb Code   238  app_scheduler.o(.text)
    app_sched_execute                        0x00018471   Thumb Code    30  app_scheduler.o(.text)
    RTC1_IRQHandler                          0x00018d27   Thumb Code    34  app_timer.o(.text)
    SWI0_IRQHandler                          0x00018d49   Thumb Code     8  app_timer.o(.text)
    app_timer_init                           0x00018d51   Thumb Code   250  app_timer.o(.text)
    app_timer_create                         0x00018e4b   Thumb Code   108  app_timer.o(.text)
    app_timer_start                          0x00018ed9   Thumb Code    98  app_timer.o(.text)
    app_timer_stop                           0x00018f3b   Thumb Code    60  app_timer.o(.text)
    app_timer_stop_all                       0x00018f77   Thumb Code    26  app_timer.o(.text)
    app_timer_cnt_get                        0x00018f91   Thumb Code    14  app_timer.o(.text)
    app_timer_cnt_diff_compute               0x00018f9f   Thumb Code    22  app_timer.o(.text)
    ble_conn_params_init                     0x0001911b   Thumb Code    90  ble_conn_params.o(.text)
    ble_conn_params_stop                     0x00019175   Thumb Code    12  ble_conn_params.o(.text)
    ble_conn_params_on_ble_evt               0x000192c3   Thumb Code    62  ble_conn_params.o(.text)
    ble_conn_params_change_conn_params       0x00019301   Thumb Code    86  ble_conn_params.o(.text)
    softdevice_assertion_handler             0x0001937d   Thumb Code    18  softdevice_handler.o(.text)
    intern_softdevice_events_execute         0x0001938f   Thumb Code   168  softdevice_handler.o(.text)
    softdevice_handler_init                  0x00019437   Thumb Code    84  softdevice_handler.o(.text)
    softdevice_handler_sd_disable            0x0001948b   Thumb Code    24  softdevice_handler.o(.text)
    softdevice_ble_evt_handler_set           0x000194a3   Thumb Code    18  softdevice_handler.o(.text)
    softdevice_sys_evt_handler_set           0x000194b5   Thumb Code    18  softdevice_handler.o(.text)
    SWI2_IRQHandler                          0x000194c7   Thumb Code    52  softdevice_handler.o(.text)
    app_button_init                          0x00019667   Thumb Code   132  app_button.o(.text)
    app_button_enable                        0x000196eb   Thumb Code    24  app_button.o(.text)
    app_button_disable                       0x00019703   Thumb Code    42  app_button.o(.text)
    app_button_is_pushed                     0x0001972d   Thumb Code   108  app_button.o(.text)
    GPIOTE_IRQHandler                        0x0001986d   Thumb Code   158  app_gpiote.o(.text)
    app_gpiote_init                          0x0001996d   Thumb Code   116  app_gpiote.o(.text)
    app_gpiote_user_register                 0x000199e1   Thumb Code   138  app_gpiote.o(.text)
    app_gpiote_user_enable                   0x00019a6b   Thumb Code   226  app_gpiote.o(.text)
    app_gpiote_user_disable                  0x00019b4d   Thumb Code    66  app_gpiote.o(.text)
    app_gpiote_pins_state_get                0x00019b8f   Thumb Code    52  app_gpiote.o(.text)
    ble_debug_assert_handler                 0x00019c59   Thumb Code    46  ble_debug_assert_handler.o(.text)
    ProcessingRemoteControlState             0x00019c95   Thumb Code    26  alpine_tl_state_machine.o(.text)
    ProcessEvents                            0x0001a031   Thumb Code   318  alpine_tl_state_machine.o(.text)
    RegularTimerDone                         0x0001a1bd   Thumb Code    12  alpine_tl_state_machine.o(.text)
    PeripheralTimerDone                      0x0001a1c9   Thumb Code    12  alpine_tl_state_machine.o(.text)
    AddEventToTlSmQueue_extern               0x0001a1e9   Thumb Code    80  alpine_tl_state_machine.o(.text)
    StartupStateMachine                      0x0001a23b   Thumb Code    20  alpine_tl_state_machine.o(.text)
    Tl_pkt_is_good                           0x0001a24f   Thumb Code    72  alpine_tl_state_machine.o(.text)
    init_alpine_pins                         0x0001a2cd   Thumb Code   148  alpine_boards.o(.text)
    InitStepperPins                          0x0001a389   Thumb Code    52  radian_stepper.o(.text)
    SetStepperPWM                            0x0001a3bd   Thumb Code     2  radian_stepper.o(.text)
    Brake                                    0x0001a3bf   Thumb Code    40  radian_stepper.o(.text)
    Step                                     0x0001a3e7   Thumb Code   152  radian_stepper.o(.text)
    EnableStepper                            0x0001a47f   Thumb Code    16  radian_stepper.o(.text)
    DisableStepper                           0x0001a48f   Thumb Code    16  radian_stepper.o(.text)
    __aeabi_uidiv                            0x0001a4cd   Thumb Code     0  uidiv.o(.text)
    __aeabi_uidivmod                         0x0001a4cd   Thumb Code    44  uidiv.o(.text)
    __aeabi_idiv                             0x0001a4f9   Thumb Code     0  idiv.o(.text)
    __aeabi_idivmod                          0x0001a4f9   Thumb Code    40  idiv.o(.text)
    __aeabi_memcpy                           0x0001a521   Thumb Code    36  memcpya.o(.text)
    __aeabi_memcpy4                          0x0001a521   Thumb Code     0  memcpya.o(.text)
    __aeabi_memcpy8                          0x0001a521   Thumb Code     0  memcpya.o(.text)
    __aeabi_memset                           0x0001a545   Thumb Code    14  memseta.o(.text)
    __aeabi_memset4                          0x0001a545   Thumb Code     0  memseta.o(.text)
    __aeabi_memset8                          0x0001a545   Thumb Code     0  memseta.o(.text)
    __aeabi_memclr                           0x0001a553   Thumb Code     4  memseta.o(.text)
    __aeabi_memclr4                          0x0001a553   Thumb Code     0  memseta.o(.text)
    __aeabi_memclr8                          0x0001a553   Thumb Code     0  memseta.o(.text)
    _memset$wrapper                          0x0001a557   Thumb Code    18  memseta.o(.text)
    strncpy                                  0x0001a569   Thumb Code    26  strncpy.o(.text)
    __scatterload                            0x0001a585   Thumb Code    28  init.o(.text)
    __scatterload_rt2                        0x0001a585   Thumb Code     0  init.o(.text)
    __decompress                             0x0001a5a9   Thumb Code     0  __dczerorl.o(.text)
    __decompress0                            0x0001a5a9   Thumb Code    58  __dczerorl.o(.text)
    __ARM_common_switch8                     0x0001a5e3   Thumb Code    28  pstorage.o(i.__ARM_common_switch8)
    __scatterload_copy                       0x0001a5ff   Thumb Code    14  handlers.o(i.__scatterload_copy)
    __scatterload_null                       0x0001a60d   Thumb Code     2  handlers.o(i.__scatterload_null)
    __scatterload_zeroinit                   0x0001a60f   Thumb Code    14  handlers.o(i.__scatterload_zeroinit)
    Region$$Table$$Base                      0x0001a638   Number         0  anon$$obj.o(Region$$Table)
    Region$$Table$$Limit                     0x0001a648   Number         0  anon$$obj.o(Region$$Table)
    SystemCoreClock                          0x20002000   Data           4  system_nrf51.o(.data)
    Event_q_index                            0x200020c4   Data           1  alpine_tl_state_machine.o(.data)
    Curr_state                               0x200020c5   Data           1  alpine_tl_state_machine.o(.data)
    Next_state                               0x200020c6   Data           1  alpine_tl_state_machine.o(.data)
    Curr_p_state                             0x200020c7   Data           1  alpine_tl_state_machine.o(.data)
    Next_p_state                             0x200020c8   Data           1  alpine_tl_state_machine.o(.data)
    Num_timelapses                           0x200020c9   Data           1  alpine_tl_state_machine.o(.data)
    Preload_motion1                          0x200020ca   Data           1  alpine_tl_state_machine.o(.data)
    Preload_motion2                          0x200020cb   Data           1  alpine_tl_state_machine.o(.data)
    Execute_on_start                         0x200020cc   Data           1  alpine_tl_state_machine.o(.data)
    Looping                                  0x200020cd   Data           1  alpine_tl_state_machine.o(.data)
    Starting_up                              0x200020ce   Data           1  alpine_tl_state_machine.o(.data)
    Shutter_on_time_ms                       0x200020d0   Data           4  alpine_tl_state_machine.o(.data)
    Shutter_to_move_time_ms                  0x200020d4   Data           4  alpine_tl_state_machine.o(.data)
    Step_on_time_ms                          0x200020d8   Data           4  alpine_tl_state_machine.o(.data)
    Step_idle_time_ms                        0x200020dc   Data           4  alpine_tl_state_machine.o(.data)
    Move_to_shutter_time_ms                  0x200020e0   Data           4  alpine_tl_state_machine.o(.data)
    Num_steps_per_move                       0x200020e4   Data           4  alpine_tl_state_machine.o(.data)
    Set_cycle_time_ms                        0x200020e8   Data           4  alpine_tl_state_machine.o(.data)
    Direction                                0x200020ec   Data           1  alpine_tl_state_machine.o(.data)
    Drive_duty                               0x200020ed   Data           1  alpine_tl_state_machine.o(.data)
    Idle_duty                                0x200020ee   Data           1  alpine_tl_state_machine.o(.data)
    Bramping_on                              0x200020ef   Data           1  alpine_tl_state_machine.o(.data)
    Sramping_on                              0x200020f0   Data           1  alpine_tl_state_machine.o(.data)
    Iramping_on                              0x200020f1   Data           1  alpine_tl_state_machine.o(.data)
    Pc_sync_on                               0x200020f2   Data           1  alpine_tl_state_machine.o(.data)
    Hdr_on                                   0x200020f3   Data           1  alpine_tl_state_machine.o(.data)
    Usb_cntrl_on                             0x200020f4   Data           1  alpine_tl_state_machine.o(.data)
    Num_photos_to_take                       0x200020f8   Data           4  alpine_tl_state_machine.o(.data)
    Num_photos_taken                         0x200020fc   Data           4  alpine_tl_state_machine.o(.data)
    Front_delay_time_ms                      0x20002100   Data           4  alpine_tl_state_machine.o(.data)
    Preload_flag                             0x20002104   Data           1  alpine_tl_state_machine.o(.data)
    Regular_sm_timer                         0x20002108   Data           4  alpine_tl_state_machine.o(.data)
    Secondary_sm_timer                       0x2000210c   Data           4  alpine_tl_state_machine.o(.data)
    EventClearTimer                          0x20002110   Data           4  alpine_tl_state_machine.o(.data)
    Event_queue                              0x200028f0   Data          60  alpine_tl_state_machine.o(.bss)
    Current_packet                           0x2000292c   Data          90  alpine_tl_state_machine.o(.bss)
    __initial_sp                             0x20003188   Data           0  arm_startup_nrf51.o(STACK)



==============================================================================

Memory Map of the image

  Image Entry point : 0x000160c1

  Load Region LR_IROM1 (Base: 0x00016000, Size: 0x00004790, Max: 0x00024000, ABSOLUTE, COMPRESSED[0x0000467c])

    Execution Region ER_IROM1 (Base: 0x00016000, Size: 0x00004648, Max: 0x00024000, ABSOLUTE)

    Base Addr    Size         Type   Attr      Idx    E Section Name        Object

    0x00016000   0x000000c0   Data   RO            3    RESET               arm_startup_nrf51.o
    0x000160c0   0x00000000   Code   RO          806  * .ARM.Collect$$$$00000000  mc_p.l(entry.o)
    0x000160c0   0x00000004   Code   RO          823    .ARM.Collect$$$$00000001  mc_p.l(entry2.o)
    0x000160c4   0x00000004   Code   RO          826    .ARM.Collect$$$$00000004  mc_p.l(entry5.o)
    0x000160c8   0x00000000   Code   RO          828    .ARM.Collect$$$$00000008  mc_p.l(entry7b.o)
    0x000160c8   0x00000000   Code   RO          830    .ARM.Collect$$$$0000000A  mc_p.l(entry8b.o)
    0x000160c8   0x00000008   Code   RO          831    .ARM.Collect$$$$0000000B  mc_p.l(entry9a.o)
    0x000160d0   0x00000000   Code   RO          833    .ARM.Collect$$$$0000000D  mc_p.l(entry10a.o)
    0x000160d0   0x00000000   Code   RO          835    .ARM.Collect$$$$0000000F  mc_p.l(entry11a.o)
    0x000160d0   0x00000004   Code   RO          824    .ARM.Collect$$$$00002712  mc_p.l(entry2.o)
    0x000160d4   0x0000001e   Code   RO          519    .emb_text           app_timer.o
    0x000160f2   0x00000002   PAD
    0x000160f4   0x00000038   Code   RO            4    .text               arm_startup_nrf51.o
    0x0001612c   0x000000e8   Code   RO           12    .text               system_nrf51.o
    0x00016214   0x00000890   Code   RO           69    .text               main.o
    0x00016aa4   0x000005b0   Code   RO          282    .text               app_state_machine.o
    0x00017054   0x00000c98   Code   RO          381    .text               pstorage.o
    0x00017cec   0x00000600   Code   RO          441    .text               ble_advdata.o
    0x000182ec   0x00000264   Code   RO          482    .text               app_scheduler.o
    0x00018550   0x00000b24   Code   RO          520    .text               app_timer.o
    0x00019074   0x00000308   Code   RO          564    .text               ble_conn_params.o
    0x0001937c   0x000001d4   Code   RO          600    .text               softdevice_handler.o
    0x00019550   0x0000029c   Code   RO          637    .text               app_button.o
    0x000197ec   0x0000046c   Code   RO          671    .text               app_gpiote.o
    0x00019c58   0x0000003c   Code   RO          702    .text               ble_debug_assert_handler.o
    0x00019c94   0x00000638   Code   RO          730    .text               alpine_tl_state_machine.o
    0x0001a2cc   0x000000ba   Code   RO          761    .text               alpine_boards.o
    0x0001a386   0x00000002   PAD
    0x0001a388   0x00000144   Code   RO          784    .text               radian_stepper.o
    0x0001a4cc   0x0000002c   Code   RO          809    .text               mc_p.l(uidiv.o)
    0x0001a4f8   0x00000028   Code   RO          811    .text               mc_p.l(idiv.o)
    0x0001a520   0x00000024   Code   RO          813    .text               mc_p.l(memcpya.o)
    0x0001a544   0x00000024   Code   RO          815    .text               mc_p.l(memseta.o)
    0x0001a568   0x0000001a   Code   RO          817    .text               mc_p.l(strncpy.o)
    0x0001a582   0x00000002   PAD
    0x0001a584   0x00000024   Code   RO          837    .text               mc_p.l(init.o)
    0x0001a5a8   0x0000003a   Code   RO          847    .text               mc_p.l(__dczerorl.o)
    0x0001a5e2   0x0000001c   Code   RO          399    i.__ARM_common_switch8  pstorage.o
    0x0001a5fe   0x0000000e   Code   RO          841    i.__scatterload_copy  mc_p.l(handlers.o)
    0x0001a60c   0x00000002   Code   RO          842    i.__scatterload_null  mc_p.l(handlers.o)
    0x0001a60e   0x0000000e   Code   RO          843    i.__scatterload_zeroinit  mc_p.l(handlers.o)
    0x0001a61c   0x00000004   Data   RO           71    .constdata          main.o
    0x0001a620   0x00000010   Data   RO          283    .constdata          app_state_machine.o
    0x0001a630   0x00000006   Data   RO          732    .constdata          alpine_tl_state_machine.o
    0x0001a636   0x00000002   PAD
    0x0001a638   0x00000010   Data   RO          839    Region$$Table       anon$$obj.o


    Execution Region RW_IRAM1 (Base: 0x20002000, Size: 0x00001188, Max: 0x00002000, ABSOLUTE, UNINIT, COMPRESSED[0x00000034])

    Base Addr    Size         Type   Attr      Idx    E Section Name        Object

    0x20002000   0x00000004   Data   RW           13    .data               system_nrf51.o
    0x20002004   0x00000014   Data   RW           72    .data               main.o
    0x20002018   0x0000000c   Data   RW          383    .data               pstorage.o
    0x20002024   0x0000000e   Data   RW          483    .data               app_scheduler.o
    0x20002032   0x00000002   PAD
    0x20002034   0x00000029   Data   RW          521    .data               app_timer.o
    0x2000205d   0x00000003   PAD
    0x20002060   0x00000019   Data   RW          566    .data               ble_conn_params.o
    0x20002079   0x00000003   PAD
    0x2000207c   0x00000014   Data   RW          601    .data               softdevice_handler.o
    0x20002090   0x00000020   Data   RW          638    .data               app_button.o
    0x200020b0   0x0000000c   Data   RW          672    .data               app_gpiote.o
    0x200020bc   0x00000008   Data   RW          704    .data               ble_debug_assert_handler.o
    0x200020c4   0x0000007e   Data   RW          733    .data               alpine_tl_state_machine.o
    0x20002142   0x00000002   PAD
    0x20002144   0x00000004   Data   RW          785    .data               radian_stepper.o
    0x20002148   0x00000490   Zero   RW           70    .bss                main.o
    0x200025d8   0x0000027c   Zero   RW          382    .bss                pstorage.o
    0x20002854   0x0000001c   Zero   RW          565    .bss                ble_conn_params.o
    0x20002870   0x00000080   Zero   RW          703    .bss                ble_debug_assert_handler.o
    0x200028f0   0x00000096   Zero   RW          731    .bss                alpine_tl_state_machine.o
    0x20002986   0x00000002   PAD
    0x20002988   0x00000800   Zero   RW            1    STACK               arm_startup_nrf51.o


==============================================================================

Image component sizes


      Code (inc. data)   RO Data    RW Data    ZI Data      Debug   Object Name

       186          0          0          0          0       2943   alpine_boards.o
      1592        206          6        126        150      11152   alpine_tl_state_machine.o
       668         84          0         32          0       8876   app_button.o
      1132         40          0         12          0      11878   app_gpiote.o
       612         90          0         14          0      12451   app_scheduler.o
      1456         16         16          0          0      40932   app_state_machine.o
      2882        202          0         41          0      23777   app_timer.o
        56         18        192          0       2048        736   arm_startup_nrf51.o
      1536          4          0          0          0      33450   ble_advdata.o
       776         38          0         25         28      14226   ble_conn_params.o
        60         14          0          8        128       1391   ble_debug_assert_handler.o
         0          0          0          0          0       4100   ble_srv_common.o
      2192        276          4         20       1168      55613   main.o
      3252         90          0         12        636      12398   pstorage.o
       324          8          0          4          0       3752   radian_stepper.o
       468         86          0         20          0       9260   softdevice_handler.o
       232         30          0          4          0      21601   system_nrf51.o

    ----------------------------------------------------------------------
     17428       1202        236        328       4160     268536   Object Totals
         0          0         16          0          0          0   (incl. Generated)
         4          0          2         10          2          0   (incl. Padding)

    ----------------------------------------------------------------------

      Code (inc. data)   RO Data    RW Data    ZI Data      Debug   Library Member Name

        58          0          0          0          0          0   __dczerorl.o
         0          0          0          0          0          0   entry.o
         0          0          0          0          0          0   entry10a.o
         0          0          0          0          0          0   entry11a.o
         8          4          0          0          0          0   entry2.o
         4          0          0          0          0          0   entry5.o
         0          0          0          0          0          0   entry7b.o
         0          0          0          0          0          0   entry8b.o
         8          4          0          0          0          0   entry9a.o
        30          0          0          0          0          0   handlers.o
        40          0          0          0          0         72   idiv.o
        36          8          0          0          0         68   init.o
        36          0          0          0          0         60   memcpya.o
        36          0          0          0          0        100   memseta.o
        26          0          0          0          0         68   strncpy.o
        44          0          0          0          0         72   uidiv.o

    ----------------------------------------------------------------------
       328         16          0          0          0        440   Library Totals
         2          0          0          0          0          0   (incl. Padding)

    ----------------------------------------------------------------------

      Code (inc. data)   RO Data    RW Data    ZI Data      Debug   Library Name

       326         16          0          0          0        440   mc_p.l

    ----------------------------------------------------------------------
       328         16          0          0          0        440   Library Totals

    ----------------------------------------------------------------------

==============================================================================


      Code (inc. data)   RO Data    RW Data    ZI Data      Debug   

     17756       1218        236        328       4160     268224   Grand Totals
     17756       1218        236         52       4160     268224   ELF Image Totals (compressed)
     17756       1218        236         52          0          0   ROM Totals

==============================================================================

    Total RO  Size (Code + RO Data)                17992 (  17.57kB)
    Total RW  Size (RW Data + ZI Data)              4488 (   4.38kB)
    Total ROM Size (Code + RO Data + RW Data)      18044 (  17.62kB)

==============================================================================

