<html>
<body>
<pre>
<h1>µVision Build Log</h1>
<h2>Project:</h2>
C:\Nordic Semiconductor\nRF51 SDK_v6.0.0.43681_Backup_1\Nordic\nrf51822\Board\pca10000\S110\alpine_ble_repo\arm\ble_app_michron.uvprojx
Project File Date:  10/31/2014

<h2>Output:</h2>
Build target 'nrf51822_xxaa_s110 (256K)'
creating preprocessor file for alpine_tl_state_machine.c...
..\localLibs\alpine_tl_state_machine.h(73): warning:  #1-D: last line of file ends without a newline
  #endif //ALPINE_TL_SM_H_
..\localLibs\alpine_tl_state_machine.c: 1 warning, 0 errors
compiling alpine_tl_state_machine.c...
..\localLibs\radian_stepper.h(17): warning:  #1295-D: Deprecated declaration InitStepperPins - give arg types
  void InitStepperPins(); //initializes the stepper motor pins
..\localLibs\radian_stepper.h(19): warning:  #1295-D: Deprecated declaration Brake - give arg types
  void Brake(); //puts the h-bridge into brake mode
..\localLibs\radian_stepper.h(20): warning:  #1295-D: Deprecated declaration DisableStepper - give arg types
  void DisableStepper(); 
..\localLibs\radian_stepper.h(21): warning:  #1295-D: Deprecated declaration EnableStepper - give arg types
  void EnableStepper();
..\localLibs\alpine_tl_state_machine.h(57): warning:  #1295-D: Deprecated declaration StartupStateMachine - give arg types
  void StartupStateMachine();//function called on startup, gets the SM rolling.
..\localLibs\alpine_tl_state_machine.h(73): warning:  #1-D: last line of file ends without a newline
  #endif //ALPINE_TL_SM_H_
..\localLibs\alpine_tl_state_machine.c(119): warning:  #177-D: function "SetPeripheralTimer" was declared but never referenced
  static void SetPeripheralTimer(unsigned long time){
..\localLibs\alpine_tl_state_machine.c(226): warning:  #177-D: function "HandlePeripheralEvent" was declared but never referenced
  static void HandlePeripheralEvent( char event);
..\localLibs\alpine_tl_state_machine.c: 8 warnings, 0 errors
linking...
Program Size: Code=17452 RO-data=228 RW-data=324 ZI-data=4100  
FromELF: creating hex file...
".\_build\ble_app_template.axf" - 0 Error(s), 9 Warning(s).

<h2>Software Packages used:</h2>

Package Vendor: ARM
                http://www.keil.com/pack/ARM.CMSIS.4.1.0.pack
                ARM::CMSIS:CORE:3.30.0
                CMSIS (Cortex Microcontroller Software Interface Standard)
   * Component: CORE Version: 3.30.0

Package Vendor: NordicSemiconductor
                http://www.keil.com/pack/NordicSemiconductor.nRF_DeviceFamilyPack.1.1.1.pack
                NordicSemiconductor::Device:Startup:1.0.0
                Nordic Semiconductor nRF ARM devices Device Family Pack.
   * Component: Startup Version: 1.0.0

<h2>Collection of Component include folders:</h2>
  C:\Nordic Semiconductor\nRF51 SDK_v6.0.0.43681_Backup_1\Nordic\nrf51822\Board\pca10000\S110\alpine_ble_repo\arm\RTE
  C:\Keil_v5\ARM\PACK\ARM\CMSIS\4.1.0\CMSIS\Include
  C:\Keil_v5\ARM\PACK\NordicSemiconductor\nRF_DeviceFamilyPack\1.1.1\Device\Include

<h2>Collection of Component Files used:</h2>

   * Component: ARM::CMSIS:CORE:3.30.0
      Source file:   CMSIS\UserCodeTemplates\ARM\ITM_Retarget.c

   * Component: NordicSemiconductor::Device:Startup:1.0.0
      Source file:   Device\Source\arm\arm_startup_nrf51.s
      Source file:   Device\Source\system_nrf51.c
      Include file:  Device\Include\system_nrf51.h
sor file for crc16.c...
compiling crc16.c...
creating preprocessor file for ble_advdata.c...
compiling ble_advdata.c...
creating preprocessor file for app_scheduler.c...
compiling app_scheduler.c...
creating preprocessor file for app_timer.c...
compiling app_timer.c...
creating preprocessor file for ble_conn_params.c...
compiling ble_conn_params.c...
creating preprocessor file for softdevice_handler.c...
compiling softdevice_handler.c...
creating preprocessor file for app_button.c...
compiling app_button.c...
creating preprocessor file for app_gpiote.c...
compiling app_gpiote.c...
creating preprocessor file for ble_debug_assert_handler.c...
compiling ble_debug_assert_handler.c...
creating preprocessor file for alpine_tl_state_machine.c...
..\localLibs\alpine_tl_state_machine.h(73): warning:  #1-D: last line of file ends without a newline
  #endif //ALPINE_TL_SM_H_
..\localLibs\alpine_tl_state_machine.c: 1 warning, 0 errors
compiling alpine_tl_state_machine.c...
..\localLibs\radian_stepper.h(17): warning:  #1295-D: Deprecated declaration InitStepperPins - give arg types
  void InitStepperPins(); //initializes the stepper motor pins
..\localLibs\radian_stepper.h(19): warning:  #1295-D: Deprecated declaration Brake - give arg types
  void Brake(); //puts the h-bridge into brake mode
..\localLibs\radian_stepper.h(20): warning:  #1295-D: Deprecated declaration DisableStepper - give arg types
  void DisableStepper(); 
..\localLibs\radian_stepper.h(21): warning:  #1295-D: Deprecated declaration EnableStepper - give arg types
  void EnableStepper();
..\localLibs\alpine_tl_state_machine.h(57): warning:  #1295-D: Deprecated declaration StartupStateMachine - give arg types
  void StartupStateMachine();//function called on startup, gets the SM rolling.
..\localLibs\alpine_tl_state_machine.h(73): warning:  #1-D: last line of file ends without a newline
  #endif //ALPINE_TL_SM_H_
..\localLibs\alpine_tl_state_machine.c(120): warning:  #177-D: function "SetPeripheralTimer" was declared but never referenced
  static void SetPeripheralTimer(unsigned long time){
..\localLibs\alpine_tl_state_machine.c(227): warning:  #177-D: function "HandlePeripheralEvent" was declared but never referenced
  static void HandlePeripheralEvent( char event);
..\localLibs\alpine_tl_state_machine.c: 8 warnings, 0 errors
creating preprocessor file for alpine_boards.c...
..\localLibs\alpine_boards.c(71): warning:  #1-D: last line of file ends without a newline
  }
..\localLibs\alpine_boards.c: 1 warning, 0 errors
compiling alpine_boards.c...
..\localLibs\radian_stepper.h(17): warning:  #1295-D: Deprecated declaration InitStepperPins - give arg types
  void InitStepperPins(); //initializes the stepper motor pins
..\localLibs\radian_stepper.h(19): warning:  #1295-D: Deprecated declaration Brake - give arg types
  void Brake(); //puts the h-bridge into brake mode
..\localLibs\radian_stepper.h(20): warning:  #1295-D: Deprecated declaration DisableStepper - give arg types
  void DisableStepper(); 
..\localLibs\radian_stepper.h(21): warning:  #1295-D: Deprecated declaration EnableStepper - give arg types
  void EnableStepper();
..\localLibs\alpine_boards.c(71): warning:  #1-D: last line of file ends without a newline
  }
..\localLibs\alpine_boards.c: 5 warnings, 0 errors
creating preprocessor file for radian_stepper.c...
compiling radian_stepper.c...
..\localLibs\radian_stepper.h(17): warning:  #1295-D: Deprecated declaration InitStepperPins - give arg types
  void InitStepperPins(); //initializes the stepper motor pins
..\localLibs\radian_stepper.h(19): warning:  #1295-D: Deprecated declaration Brake - give arg types
  void Brake(); //puts the h-bridge into brake mode
..\localLibs\radian_stepper.h(20): warning:  #1295-D: Deprecated declaration DisableStepper - give arg types
  void DisableStepper(); 
..\localLibs\radian_stepper.h(21): warning:  #1295-D: Deprecated declaration EnableStepper - give arg types
  void EnableStepper();
..\localLibs\radian_stepper.c: 4 warnings, 0 errors
linking...
.\_build\ble_app_template.axf: Error: L6218E: Undefined symbol AddEventToTlSmQueue (referred from main.o).
Not enough information to list image symbols.
Finished: 1 information, 0 warning and 1 error messages.
".\_build\ble_app_template.axf" - 1 Error(s), 35 Warning(s).

<h2>Software Packages used:</h2>

Package Vendor: ARM
                http://www.keil.com/pack/ARM.CMSIS.4.1.0.pack
                ARM::CMSIS:CORE:3.30.0
                CMSIS (Cortex Microcontroller Software Interface Standard)
   * Component: CORE Version: 3.30.0

Package Vendor: NordicSemiconductor
                http://www.keil.com/pack/NordicSemiconductor.nRF_DeviceFamilyPack.1.1.1.pack
                NordicSemiconductor::Device:Startup:1.0.0
                Nordic Semiconductor nRF ARM devices Device Family Pack.
   * Component: Startup Version: 1.0.0

<h2>Collection of Component include folders:</h2>
  C:\Nordic Semiconductor\nRF51 SDK_v6.0.0.43681_Backup_1\Nordic\nrf51822\Board\pca10000\S110\alpine_ble_repo\arm\RTE
  C:\Keil_v5\ARM\PACK\ARM\CMSIS\4.1.0\CMSIS\Include
  C:\Keil_v5\ARM\PACK\NordicSemiconductor\nRF_DeviceFamilyPack\1.1.1\Device\Include

<h2>Collection of Component Files used:</h2>

   * Component: ARM::CMSIS:CORE:3.30.0
      Source file:   CMSIS\UserCodeTemplates\ARM\ITM_Retarget.c

   * Component: NordicSemiconductor::Device:Startup:1.0.0
      Source file:   Device\Source\arm\arm_startup_nrf51.s
      Source file:   Device\Source\system_nrf51.c
      Include file:  Device\Include\system_nrf51.h
Target not created
