Product: MDK-ARM Lite 5.10
Component: ARM Compiler 5.04 update 1 (build 49)
Tool: armlink [5040049]

==============================================================================

Section Cross References

    arm_startup_nrf51.o(RESET) refers to arm_startup_nrf51.o(STACK) for __initial_sp
    arm_startup_nrf51.o(RESET) refers to arm_startup_nrf51.o(.text) for Reset_Handler
    arm_startup_nrf51.o(RESET) refers to app_gpiote.o(.text) for GPIOTE_IRQHandler
    arm_startup_nrf51.o(RESET) refers to app_timer.o(.text) for RTC1_IRQHandler
    arm_startup_nrf51.o(RESET) refers to softdevice_handler.o(.text) for SWI2_IRQHandler
    arm_startup_nrf51.o(.text) refers to system_nrf51.o(.text) for SystemInit
    arm_startup_nrf51.o(.text) refers to entry.o(.ARM.Collect$$$$00000000) for __main
    system_nrf51.o(.text) refers to system_nrf51.o(.data) for SystemCoreClock
    main.o(.text) refers to ble_debug_assert_handler.o(.text) for ble_debug_assert_handler
    main.o(.text) refers to alpine_boards.o(.text) for init_alpine_pins
    main.o(.text) refers to app_timer.o(.text) for app_timer_init
    main.o(.text) refers to memseta.o(.text) for __aeabi_memclr4
    main.o(.text) refers to ble_advdata.o(.text) for ble_advdata_set
    main.o(.text) refers to idiv.o(.text) for __aeabi_idivmod
    main.o(.text) refers to app_state_machine.o(.text) for ble_sm_init
    main.o(.text) refers to ble_conn_params.o(.text) for ble_conn_params_init
    main.o(.text) refers to main.o(.bss) for APP_TIMER_BUF
    main.o(.text) refers to alpine_tl_state_machine.o(.text) for RegularTimerDone
    main.o(.text) refers to alpine_tl_state_machine.o(.data) for Regular_sm_timer
    main.o(.text) refers to main.o(.constdata) for .constdata
    main.o(.text) refers to main.o(.data) for num_packets
    main.o(.text) refers to memcpya.o(.text) for __aeabi_memcpy
    main.o(.text) refers to pstorage.o(.text) for pstorage_sys_event_handler
    main.o(.text) refers to softdevice_handler.o(.text) for softdevice_handler_init
    main.o(.text) refers to app_scheduler.o(.text) for app_sched_init
    main.o(.text) refers to app_gpiote.o(.text) for app_gpiote_init
    main.o(.text) refers to app_button.o(.text) for app_button_init
    ble_srv_common.o(.text) refers to main.o(.text) for app_error_handler
    ble_srv_common.o(.text) refers to strlen.o(.text) for strlen
    app_state_machine.o(.text) refers to memseta.o(.text) for __aeabi_memclr4
    app_state_machine.o(.text) refers to app_state_machine.o(.constdata) for .constdata
    ble_error_log.o(.text) refers to memcpya.o(.text) for __aeabi_memcpy4
    ble_error_log.o(.text) refers to strncpy.o(.text) for strncpy
    ble_error_log.o(.text) refers to arm_startup_nrf51.o(RESET) for __Vectors
    ble_error_log.o(.text) refers to ble_error_log.o(.bss) for m_ble_error_log
    pstorage.o(.text) refers to pstorage.o(i.__ARM_common_switch8) for __ARM_common_switch8
    pstorage.o(.text) refers to uidiv.o(.text) for __aeabi_uidivmod
    pstorage.o(.text) refers to pstorage.o(.bss) for m_cmd_queue
    pstorage.o(.text) refers to pstorage.o(.data) for m_round_val
    pstorage.o(.text) refers to memcpya.o(.text) for __aeabi_memcpy
    ble_advdata.o(.text) refers to memcpya.o(.text) for __aeabi_memcpy
    app_scheduler.o(.text) refers to main.o(.text) for app_error_handler
    app_scheduler.o(.text) refers to memcpya.o(.text) for __aeabi_memcpy
    app_scheduler.o(.text) refers to app_scheduler.o(.data) for m_queue_event_headers
    app_timer.o(.text) refers to app_timer.o(.emb_text) for __asm___11_app_timer_c_cd27f9c3__nrf_delay_us
    app_timer.o(.text) refers to main.o(.text) for app_error_handler
    app_timer.o(.text) refers to app_timer.o(.data) for m_rtc1_running
    ble_conn_params.o(.text) refers to memcpya.o(.text) for __aeabi_memcpy4
    ble_conn_params.o(.text) refers to app_timer.o(.text) for app_timer_create
    ble_conn_params.o(.text) refers to ble_conn_params.o(.data) for m_preferred_conn_params
    ble_conn_params.o(.text) refers to ble_conn_params.o(.bss) for m_conn_params_config
    softdevice_handler.o(.text) refers to main.o(.text) for assert_nrf_callback
    softdevice_handler.o(.text) refers to softdevice_handler.o(.data) for m_softdevice_enabled
    app_button.o(.text) refers to main.o(.text) for app_error_handler
    app_button.o(.text) refers to app_gpiote.o(.text) for app_gpiote_pins_state_get
    app_button.o(.text) refers to app_timer.o(.text) for app_timer_stop
    app_button.o(.text) refers to app_button.o(.data) for m_evt_schedule_func
    app_gpiote.o(.text) refers to memseta.o(.text) for __aeabi_memclr4
    app_gpiote.o(.text) refers to app_gpiote.o(.data) for mp_users
    ble_debug_assert_handler.o(.text) refers to strncpy.o(.text) for strncpy
    ble_debug_assert_handler.o(.text) refers to ble_debug_assert_handler.o(.bss) for s_file_name
    ble_debug_assert_handler.o(.text) refers to ble_debug_assert_handler.o(.data) for s_line_num
    alpine_tl_state_machine.o(.text) refers to app_timer.o(.text) for app_timer_start
    alpine_tl_state_machine.o(.text) refers to main.o(.text) for app_error_handler
    alpine_tl_state_machine.o(.text) refers to radian_stepper.o(.text) for SetStepperPWM
    alpine_tl_state_machine.o(.text) refers to alpine_tl_state_machine.o(.data) for Regular_sm_timer
    alpine_tl_state_machine.o(.text) refers to alpine_tl_state_machine.o(.bss) for Current_packet
    alpine_boards.o(.text) refers to radian_stepper.o(.text) for InitStepperPins
    radian_stepper.o(.text) refers to radian_stepper.o(.data) for stepNum
    entry.o(.ARM.Collect$$$$00000000) refers (Special) to entry10a.o(.ARM.Collect$$$$0000000D) for __rt_final_cpp
    entry.o(.ARM.Collect$$$$00000000) refers (Special) to entry11a.o(.ARM.Collect$$$$0000000F) for __rt_final_exit
    entry.o(.ARM.Collect$$$$00000000) refers (Special) to entry7b.o(.ARM.Collect$$$$00000008) for _main_clock
    entry.o(.ARM.Collect$$$$00000000) refers (Special) to entry8b.o(.ARM.Collect$$$$0000000A) for _main_cpp_init
    entry.o(.ARM.Collect$$$$00000000) refers (Special) to entry9a.o(.ARM.Collect$$$$0000000B) for _main_init
    entry.o(.ARM.Collect$$$$00000000) refers (Special) to entry5.o(.ARM.Collect$$$$00000004) for _main_scatterload
    entry.o(.ARM.Collect$$$$00000000) refers (Special) to entry2.o(.ARM.Collect$$$$00000001) for _main_stk
    idiv.o(.text) refers to uidiv.o(.text) for __aeabi_uidivmod
    entry2.o(.ARM.Collect$$$$00000001) refers to entry2.o(.ARM.Collect$$$$00002712) for __lit__00000000
    entry2.o(.ARM.Collect$$$$00002712) refers to arm_startup_nrf51.o(STACK) for __initial_sp
    entry2.o(__vectab_stack_and_reset_area) refers to arm_startup_nrf51.o(STACK) for __initial_sp
    entry2.o(__vectab_stack_and_reset_area) refers to entry.o(.ARM.Collect$$$$00000000) for __main
    entry5.o(.ARM.Collect$$$$00000004) refers to init.o(.text) for __scatterload
    entry9a.o(.ARM.Collect$$$$0000000B) refers to main.o(.text) for main
    entry9b.o(.ARM.Collect$$$$0000000C) refers to main.o(.text) for main
    init.o(.text) refers to entry5.o(.ARM.Collect$$$$00000004) for __main_after_scatterload


==============================================================================

Removing Unused input sections from the image.

    Removing arm_startup_nrf51.o(HEAP), (2048 bytes).
    Removing system_nrf51.o(.rev16_text), (4 bytes).
    Removing system_nrf51.o(.revsh_text), (4 bytes).
    Removing main.o(.rev16_text), (4 bytes).
    Removing main.o(.revsh_text), (4 bytes).
    Removing ble_srv_common.o(.text), (136 bytes).
    Removing app_state_machine.o(.rev16_text), (4 bytes).
    Removing app_state_machine.o(.revsh_text), (4 bytes).
    Removing ble_error_log.o(.rev16_text), (4 bytes).
    Removing ble_error_log.o(.revsh_text), (4 bytes).
    Removing ble_error_log.o(.text), (96 bytes).
    Removing ble_error_log.o(.bss), (392 bytes).
    Removing pstorage.o(.rev16_text), (4 bytes).
    Removing pstorage.o(.revsh_text), (4 bytes).
    Removing crc16.o(.text), (68 bytes).
    Removing app_scheduler.o(.rev16_text), (4 bytes).
    Removing app_scheduler.o(.revsh_text), (4 bytes).
    Removing app_timer.o(.rev16_text), (4 bytes).
    Removing app_timer.o(.revsh_text), (4 bytes).
    Removing softdevice_handler.o(.rev16_text), (4 bytes).
    Removing softdevice_handler.o(.revsh_text), (4 bytes).
    Removing app_button.o(.rev16_text), (4 bytes).
    Removing app_button.o(.revsh_text), (4 bytes).
    Removing app_gpiote.o(.rev16_text), (4 bytes).
    Removing app_gpiote.o(.revsh_text), (4 bytes).
    Removing ble_debug_assert_handler.o(.rev16_text), (4 bytes).
    Removing ble_debug_assert_handler.o(.revsh_text), (4 bytes).
    Removing alpine_tl_state_machine.o(.rev16_text), (4 bytes).
    Removing alpine_tl_state_machine.o(.revsh_text), (4 bytes).
    Removing alpine_boards.o(.rev16_text), (4 bytes).
    Removing alpine_boards.o(.revsh_text), (4 bytes).
    Removing radian_stepper.o(.rev16_text), (4 bytes).
    Removing radian_stepper.o(.revsh_text), (4 bytes).

33 unused section(s) (total 2852 bytes) removed from the image.

==============================================================================

Image Symbol Table

    Local Symbols

    Symbol Name                              Value     Ov Type        Size  Object(Section)

    ../clib/../cmprslib/zerorunl.c           0x00000000   Number         0  __dczerorl.o ABSOLUTE
    ../clib/microlib/division.c              0x00000000   Number         0  uidiv.o ABSOLUTE
    ../clib/microlib/division.c              0x00000000   Number         0  idiv.o ABSOLUTE
    ../clib/microlib/init/entry.s            0x00000000   Number         0  entry7a.o ABSOLUTE
    ../clib/microlib/init/entry.s            0x00000000   Number         0  entry5.o ABSOLUTE
    ../clib/microlib/init/entry.s            0x00000000   Number         0  entry.o ABSOLUTE
    ../clib/microlib/init/entry.s            0x00000000   Number         0  entry10b.o ABSOLUTE
    ../clib/microlib/init/entry.s            0x00000000   Number         0  entry11a.o ABSOLUTE
    ../clib/microlib/init/entry.s            0x00000000   Number         0  entry7b.o ABSOLUTE
    ../clib/microlib/init/entry.s            0x00000000   Number         0  entry8a.o ABSOLUTE
    ../clib/microlib/init/entry.s            0x00000000   Number         0  entry8b.o ABSOLUTE
    ../clib/microlib/init/entry.s            0x00000000   Number         0  entry9a.o ABSOLUTE
    ../clib/microlib/init/entry.s            0x00000000   Number         0  entry9b.o ABSOLUTE
    ../clib/microlib/init/entry.s            0x00000000   Number         0  entry2.o ABSOLUTE
    ../clib/microlib/init/entry.s            0x00000000   Number         0  entry10a.o ABSOLUTE
    ../clib/microlib/init/entry.s            0x00000000   Number         0  entry11b.o ABSOLUTE
    ../clib/microlib/string/memcpy.c         0x00000000   Number         0  memcpya.o ABSOLUTE
    ../clib/microlib/string/memcpy.c         0x00000000   Number         0  memcpyb.o ABSOLUTE
    ../clib/microlib/string/memset.c         0x00000000   Number         0  memseta.o ABSOLUTE
    ../clib/microlib/string/strlen.c         0x00000000   Number         0  strlen.o ABSOLUTE
    ../clib/microlib/string/strncpy.c        0x00000000   Number         0  strncpy.o ABSOLUTE
    ..\..\..\..\..\Source\app_common\app_button.c 0x00000000   Number         0  app_button.o ABSOLUTE
    ..\..\..\..\..\Source\app_common\app_gpiote.c 0x00000000   Number         0  app_gpiote.o ABSOLUTE
    ..\..\..\..\..\Source\app_common\app_scheduler.c 0x00000000   Number         0  app_scheduler.o ABSOLUTE
    ..\..\..\..\..\Source\app_common\app_timer.c 0x00000000   Number         0  app_timer.o ABSOLUTE
    ..\..\..\..\..\Source\app_common\crc16.c 0x00000000   Number         0  crc16.o ABSOLUTE
    ..\..\..\..\..\Source\app_common\pstorage.c 0x00000000   Number         0  pstorage.o ABSOLUTE
    ..\..\..\..\..\Source\ble\ble_advdata.c  0x00000000   Number         0  ble_advdata.o ABSOLUTE
    ..\..\..\..\..\Source\ble\ble_conn_params.c 0x00000000   Number         0  ble_conn_params.o ABSOLUTE
    ..\..\..\..\..\Source\ble\ble_debug_assert_handler.c 0x00000000   Number         0  ble_debug_assert_handler.o ABSOLUTE
    ..\..\..\..\..\Source\ble\ble_error_log.c 0x00000000   Number         0  ble_error_log.o ABSOLUTE
    ..\..\..\..\..\Source\ble\ble_services\ble_srv_common.c 0x00000000   Number         0  ble_srv_common.o ABSOLUTE
    ..\..\..\..\..\Source\sd_common\softdevice_handler.c 0x00000000   Number         0  softdevice_handler.o ABSOLUTE
    ..\\..\\..\\..\\..\\Source\\app_common\\app_button.c 0x00000000   Number         0  app_button.o ABSOLUTE
    ..\\..\\..\\..\\..\\Source\\app_common\\app_gpiote.c 0x00000000   Number         0  app_gpiote.o ABSOLUTE
    ..\\..\\..\\..\\..\\Source\\app_common\\app_scheduler.c 0x00000000   Number         0  app_scheduler.o ABSOLUTE
    ..\\..\\..\\..\\..\\Source\\app_common\\app_timer.c 0x00000000   Number         0  app_timer.o ABSOLUTE
    ..\\..\\..\\..\\..\\Source\\app_common\\pstorage.c 0x00000000   Number         0  pstorage.o ABSOLUTE
    ..\\..\\..\\..\\..\\Source\\ble\\ble_debug_assert_handler.c 0x00000000   Number         0  ble_debug_assert_handler.o ABSOLUTE
    ..\\..\\..\\..\\..\\Source\\ble\\ble_error_log.c 0x00000000   Number         0  ble_error_log.o ABSOLUTE
    ..\\..\\..\\..\\..\\Source\\sd_common\\softdevice_handler.c 0x00000000   Number         0  softdevice_handler.o ABSOLUTE
    ..\\localLibs\\alpine_boards.c           0x00000000   Number         0  alpine_boards.o ABSOLUTE
    ..\\localLibs\\alpine_tl_state_machine.c 0x00000000   Number         0  alpine_tl_state_machine.o ABSOLUTE
    ..\\localLibs\\app_state_machine.c       0x00000000   Number         0  app_state_machine.o ABSOLUTE
    ..\\localLibs\\radian_stepper.c          0x00000000   Number         0  radian_stepper.o ABSOLUTE
    ..\\main.c                               0x00000000   Number         0  main.o ABSOLUTE
    ..\localLibs\alpine_boards.c             0x00000000   Number         0  alpine_boards.o ABSOLUTE
    ..\localLibs\alpine_tl_state_machine.c   0x00000000   Number         0  alpine_tl_state_machine.o ABSOLUTE
    ..\localLibs\app_state_machine.c         0x00000000   Number         0  app_state_machine.o ABSOLUTE
    ..\localLibs\radian_stepper.c            0x00000000   Number         0  radian_stepper.o ABSOLUTE
    ..\main.c                                0x00000000   Number         0  main.o ABSOLUTE
    RTE\Device\nRF51822_xxAA\arm_startup_nrf51.s 0x00000000   Number         0  arm_startup_nrf51.o ABSOLUTE
    RTE\Device\nRF51822_xxAA\system_nrf51.c  0x00000000   Number         0  system_nrf51.o ABSOLUTE
    RTE\\Device\\nRF51822_xxAA\\system_nrf51.c 0x00000000   Number         0  system_nrf51.o ABSOLUTE
    dc.s                                     0x00000000   Number         0  dc.o ABSOLUTE
    handlers.s                               0x00000000   Number         0  handlers.o ABSOLUTE
    init.s                                   0x00000000   Number         0  init.o ABSOLUTE
    RESET                                    0x00016000   Section      192  arm_startup_nrf51.o(RESET)
    .ARM.Collect$$$$00000000                 0x000160c0   Section        0  entry.o(.ARM.Collect$$$$00000000)
    .ARM.Collect$$$$00000001                 0x000160c0   Section        4  entry2.o(.ARM.Collect$$$$00000001)
    .ARM.Collect$$$$00000004                 0x000160c4   Section        4  entry5.o(.ARM.Collect$$$$00000004)
    .ARM.Collect$$$$00000008                 0x000160c8   Section        0  entry7b.o(.ARM.Collect$$$$00000008)
    .ARM.Collect$$$$0000000A                 0x000160c8   Section        0  entry8b.o(.ARM.Collect$$$$0000000A)
    .ARM.Collect$$$$0000000B                 0x000160c8   Section        8  entry9a.o(.ARM.Collect$$$$0000000B)
    .ARM.Collect$$$$0000000D                 0x000160d0   Section        0  entry10a.o(.ARM.Collect$$$$0000000D)
    .ARM.Collect$$$$0000000F                 0x000160d0   Section        0  entry11a.o(.ARM.Collect$$$$0000000F)
    .ARM.Collect$$$$00002712                 0x000160d0   Section        4  entry2.o(.ARM.Collect$$$$00002712)
    __lit__00000000                          0x000160d0   Data           4  entry2.o(.ARM.Collect$$$$00002712)
    .emb_text                                0x000160d4   Section       30  app_timer.o(.emb_text)
    .text                                    0x000160f4   Section       56  arm_startup_nrf51.o(.text)
    .text                                    0x0001612c   Section        0  system_nrf51.o(.text)
    is_disabled_in_debug_needed              0x00016135   Thumb Code    52  system_nrf51.o(.text)
    is_manual_peripheral_setup_needed        0x00016169   Thumb Code   104  system_nrf51.o(.text)
    .text                                    0x00016214   Section        0  main.o(.text)
    pins_init                                0x0001623b   Thumb Code     8  main.o(.text)
    timers_init                              0x00016243   Thumb Code   158  main.o(.text)
    gap_params_init                          0x000162e1   Thumb Code   124  main.o(.text)
    advertising_init                         0x0001635d   Thumb Code    86  main.o(.text)
    shutter_write_handler                    0x000163b3   Thumb Code     6  main.o(.text)
    tl_pkt_write_handler                     0x000163b9   Thumb Code   100  main.o(.text)
    services_init                            0x0001641d   Thumb Code    52  main.o(.text)
    sec_params_init                          0x00016451   Thumb Code    66  main.o(.text)
    on_conn_params_evt                       0x00016493   Thumb Code    48  main.o(.text)
    conn_params_error_handler                0x000164c3   Thumb Code    22  main.o(.text)
    conn_params_init                         0x000164d9   Thumb Code    82  main.o(.text)
    timers_start                             0x0001652b   Thumb Code    46  main.o(.text)
    advertising_start                        0x00016559   Thumb Code    74  main.o(.text)
    on_ble_evt                               0x000165a3   Thumb Code   464  main.o(.text)
    ble_evt_dispatch                         0x00016773   Thumb Code    26  main.o(.text)
    sys_evt_dispatch                         0x0001678d   Thumb Code    12  main.o(.text)
    ble_stack_init                           0x00016799   Thumb Code   154  main.o(.text)
    scheduler_init                           0x00016833   Thumb Code    46  main.o(.text)
    gpiote_init                              0x00016861   Thumb Code    44  main.o(.text)
    input_interrupts_init                    0x0001688d   Thumb Code    48  main.o(.text)
    power_manage                             0x000168bd   Thumb Code    34  main.o(.text)
    nrf_gpio_pin_set                         0x0001691f   Thumb Code    10  main.o(.text)
    nrf_gpio_pin_clear                       0x00016929   Thumb Code    10  main.o(.text)
    app_timer_evt_schedule                   0x00016933   Thumb Code    22  main.o(.text)
    app_button_evt_schedule                  0x00016949   Thumb Code    26  main.o(.text)
    app_timer_evt_get                        0x00016963   Thumb Code    50  main.o(.text)
    app_button_evt_get                       0x00016995   Thumb Code    50  main.o(.text)
    .text                                    0x00016a64   Section        0  app_state_machine.o(.text)
    on_connect                               0x00016a65   Thumb Code     6  app_state_machine.o(.text)
    on_disconnect                            0x00016a6b   Thumb Code     8  app_state_machine.o(.text)
    on_write                                 0x00016a73   Thumb Code    58  app_state_machine.o(.text)
    sm_state_char_add                        0x00016aad   Thumb Code   324  app_state_machine.o(.text)
    sm_time_char_add                         0x00016bf1   Thumb Code   326  app_state_machine.o(.text)
    sm_tl_pkt_char_add                       0x00016d37   Thumb Code   248  app_state_machine.o(.text)
    sm_shutter_char_add                      0x00016e2f   Thumb Code   254  app_state_machine.o(.text)
    .text                                    0x00017014   Section        0  pstorage.o(.text)
    cmd_queue_element_init                   0x00017015   Thumb Code    56  pstorage.o(.text)
    cmd_queue_init                           0x0001704d   Thumb Code    40  pstorage.o(.text)
    swap_state_process                       0x00017075   Thumb Code   578  pstorage.o(.text)
    cmd_process                              0x000172b7   Thumb Code   382  pstorage.o(.text)
    cmd_queue_enqueue                        0x00017435   Thumb Code   138  pstorage.o(.text)
    app_notify                               0x000174bf   Thumb Code   100  pstorage.o(.text)
    cmd_queue_dequeue                        0x00017523   Thumb Code    36  pstorage.o(.text)
    is_word_aligned                          0x00017c93   Thumb Code    18  pstorage.o(.text)
    .text                                    0x00017cac   Section        0  ble_advdata.o(.text)
    name_encode                              0x00017cad   Thumb Code   150  ble_advdata.o(.text)
    appearance_encode                        0x00017d43   Thumb Code    74  ble_advdata.o(.text)
    uint8_array_encode                       0x00017d8d   Thumb Code    82  ble_advdata.o(.text)
    tx_power_level_encode                    0x00017ddf   Thumb Code    48  ble_advdata.o(.text)
    uuid_list_sized_encode                   0x00017e0f   Thumb Code   196  ble_advdata.o(.text)
    uuid_list_encode                         0x00017ed3   Thumb Code    64  ble_advdata.o(.text)
    conn_int_check                           0x00017f13   Thumb Code    88  ble_advdata.o(.text)
    conn_int_encode                          0x00017f6b   Thumb Code    92  ble_advdata.o(.text)
    manuf_specific_data_encode               0x00017fc7   Thumb Code   106  ble_advdata.o(.text)
    service_data_encode                      0x00018031   Thumb Code   140  ble_advdata.o(.text)
    adv_data_encode                          0x000180bd   Thumb Code   302  ble_advdata.o(.text)
    advdata_check                            0x000181eb   Thumb Code    34  ble_advdata.o(.text)
    srdata_check                             0x0001820d   Thumb Code    16  ble_advdata.o(.text)
    uint16_encode                            0x00018297   Thumb Code    18  ble_advdata.o(.text)
    .text                                    0x000182ac   Section        0  app_scheduler.o(.text)
    app_sched_event_get                      0x000183dd   Thumb Code    84  app_scheduler.o(.text)
    current_int_priority_get                 0x0001844f   Thumb Code    84  app_scheduler.o(.text)
    next_index                               0x000184a3   Thumb Code    20  app_scheduler.o(.text)
    .text                                    0x00018510   Section        0  app_timer.o(.text)
    NVIC_SetPriority                         0x00018511   Thumb Code   110  app_timer.o(.text)
    rtc1_init                                0x0001857f   Thumb Code    18  app_timer.o(.text)
    rtc1_start                               0x00018591   Thumb Code    48  app_timer.o(.text)
    rtc1_stop                                0x000185c1   Thumb Code    68  app_timer.o(.text)
    timer_list_insert                        0x00018605   Thumb Code   212  app_timer.o(.text)
    timer_list_remove                        0x000186d9   Thumb Code   170  app_timer.o(.text)
    timer_timeouts_check_sched               0x00018783   Thumb Code    10  app_timer.o(.text)
    timer_list_handler_sched                 0x0001878d   Thumb Code    10  app_timer.o(.text)
    timeout_handler_exec                     0x00018797   Thumb Code    60  app_timer.o(.text)
    timer_timeouts_check                     0x000187d3   Thumb Code   132  app_timer.o(.text)
    elapsed_ticks_acquire                    0x00018857   Thumb Code    82  app_timer.o(.text)
    list_deletions_handler                   0x000188a9   Thumb Code   284  app_timer.o(.text)
    expired_timers_handler                   0x000189c5   Thumb Code   100  app_timer.o(.text)
    list_insertions_handler                  0x00018a29   Thumb Code   264  app_timer.o(.text)
    compare_reg_update                       0x00018b31   Thumb Code   124  app_timer.o(.text)
    timer_list_handler                       0x00018bad   Thumb Code    70  app_timer.o(.text)
    user_op_enque                            0x00018bf3   Thumb Code     4  app_timer.o(.text)
    user_op_alloc                            0x00018bf7   Thumb Code    44  app_timer.o(.text)
    timer_start_op_schedule                  0x00018c23   Thumb Code    80  app_timer.o(.text)
    timer_stop_op_schedule                   0x00018c73   Thumb Code    58  app_timer.o(.text)
    timer_stop_all_op_schedule               0x00018cad   Thumb Code    58  app_timer.o(.text)
    user_id_get                              0x00018e77   Thumb Code    34  app_timer.o(.text)
    NVIC_EnableIRQ                           0x00018f75   Thumb Code    14  app_timer.o(.text)
    NVIC_SetPendingIRQ                       0x00018f83   Thumb Code    14  app_timer.o(.text)
    NVIC_ClearPendingIRQ                     0x00018f91   Thumb Code    16  app_timer.o(.text)
    current_int_priority_get                 0x00018fa1   Thumb Code    84  app_timer.o(.text)
    rtc1_counter_get                         0x00018ff5   Thumb Code     6  app_timer.o(.text)
    ticks_diff_get                           0x00018ffb   Thumb Code    10  app_timer.o(.text)
    .text                                    0x00019034   Section        0  ble_conn_params.o(.text)
    is_conn_params_ok                        0x00019035   Thumb Code    30  ble_conn_params.o(.text)
    update_timeout_handler                   0x00019053   Thumb Code   136  ble_conn_params.o(.text)
    conn_params_negotiation                  0x00019141   Thumb Code   126  ble_conn_params.o(.text)
    on_connect                               0x000191bf   Thumb Code    42  ble_conn_params.o(.text)
    on_disconnect                            0x000191e9   Thumb Code    50  ble_conn_params.o(.text)
    on_write                                 0x0001921b   Thumb Code    84  ble_conn_params.o(.text)
    on_conn_params_update                    0x0001926f   Thumb Code    20  ble_conn_params.o(.text)
    .text                                    0x0001933c   Section        0  softdevice_handler.o(.text)
    .text                                    0x00019510   Section        0  app_button.o(.text)
    button_handler_execute                   0x00019511   Thumb Code    82  app_button.o(.text)
    detection_delay_timeout_handler          0x00019563   Thumb Code   144  app_button.o(.text)
    gpiote_event_handler                     0x000195f3   Thumb Code    52  app_button.o(.text)
    .text                                    0x000197ac   Section        0  app_gpiote.o(.text)
    sense_level_toggle                       0x000197ad   Thumb Code   128  app_gpiote.o(.text)
    pins_sense_disable                       0x000198cb   Thumb Code    98  app_gpiote.o(.text)
    NVIC_SetPriority                         0x00019b83   Thumb Code   110  app_gpiote.o(.text)
    .text                                    0x00019c18   Section        0  ble_debug_assert_handler.o(.text)
    .text                                    0x00019c54   Section        0  alpine_tl_state_machine.o(.text)
    SetTimer                                 0x00019c55   Thumb Code    58  alpine_tl_state_machine.o(.text)
    InitForNewTL                             0x00019c8f   Thumb Code     2  alpine_tl_state_machine.o(.text)
    ProcessTLSettings                        0x00019c91   Thumb Code     8  alpine_tl_state_machine.o(.text)
    ParsePacketPreamble                      0x00019c99   Thumb Code     2  alpine_tl_state_machine.o(.text)
    ProcessingPacketState                    0x00019c9b   Thumb Code    84  alpine_tl_state_machine.o(.text)
    HandlePreloadSettings                    0x00019cef   Thumb Code    86  alpine_tl_state_machine.o(.text)
    UpdateCycleSettings                      0x00019d45   Thumb Code   172  alpine_tl_state_machine.o(.text)
    MovingState                              0x00019df1   Thumb Code   132  alpine_tl_state_machine.o(.text)
    InitNewTL                                0x00019e75   Thumb Code     8  alpine_tl_state_machine.o(.text)
    FrontDelayState                          0x00019e7d   Thumb Code    32  alpine_tl_state_machine.o(.text)
    HandleShutterDone                        0x00019e9d   Thumb Code    22  alpine_tl_state_machine.o(.text)
    TakingPhotoState                         0x00019eb3   Thumb Code   156  alpine_tl_state_machine.o(.text)
    HandleStateMachineEvent                  0x00019f4f   Thumb Code    84  alpine_tl_state_machine.o(.text)
    AddEventToQueue                          0x0001a005   Thumb Code    44  alpine_tl_state_machine.o(.text)
    SetPeripheralTimer                       0x0001a0f1   Thumb Code    20  alpine_tl_state_machine.o(.text)
    GetEepromValues                          0x0001a105   Thumb Code     2  alpine_tl_state_machine.o(.text)
    nrf_gpio_pin_set                         0x0001a11b   Thumb Code    10  alpine_tl_state_machine.o(.text)
    nrf_gpio_pin_clear                       0x0001a125   Thumb Code    10  alpine_tl_state_machine.o(.text)
    .text                                    0x0001a138   Section        0  alpine_boards.o(.text)
    nrf_gpio_cfg_output                      0x0001a1cd   Thumb Code    18  alpine_boards.o(.text)
    nrf_gpio_cfg_input                       0x0001a1df   Thumb Code    20  alpine_boards.o(.text)
    .text                                    0x0001a1f4   Section        0  radian_stepper.o(.text)
    nrf_gpio_cfg_output                      0x0001a30b   Thumb Code    18  radian_stepper.o(.text)
    nrf_gpio_pin_set                         0x0001a31d   Thumb Code    10  radian_stepper.o(.text)
    nrf_gpio_pin_clear                       0x0001a327   Thumb Code    10  radian_stepper.o(.text)
    .text                                    0x0001a338   Section        0  uidiv.o(.text)
    .text                                    0x0001a364   Section        0  idiv.o(.text)
    .text                                    0x0001a38c   Section        0  memcpya.o(.text)
    .text                                    0x0001a3b0   Section        0  memseta.o(.text)
    .text                                    0x0001a3d4   Section        0  strncpy.o(.text)
    .text                                    0x0001a3f0   Section       36  init.o(.text)
    .text                                    0x0001a414   Section        0  __dczerorl.o(.text)
    i.__ARM_common_switch8                   0x0001a44e   Section        0  pstorage.o(i.__ARM_common_switch8)
    i.__scatterload_copy                     0x0001a46a   Section       14  handlers.o(i.__scatterload_copy)
    i.__scatterload_null                     0x0001a478   Section        2  handlers.o(i.__scatterload_null)
    i.__scatterload_zeroinit                 0x0001a47a   Section       14  handlers.o(i.__scatterload_zeroinit)
    .constdata                               0x0001a488   Section        4  main.o(.constdata)
    .constdata                               0x0001a48c   Section       16  app_state_machine.o(.constdata)
    .data                                    0x20002000   Section        4  system_nrf51.o(.data)
    __tagsym$$used                           0x20002000   Number         0  system_nrf51.o(.data)
    .data                                    0x20002004   Section       20  main.o(.data)
    m_sec_params                             0x20002004   Data           6  main.o(.data)
    m_conn_handle                            0x2000200a   Data           2  main.o(.data)
    num_packets                              0x2000200c   Data           1  main.o(.data)
    last_packet_num                          0x2000200d   Data           1  main.o(.data)
    buttons                                  0x20002010   Data           8  main.o(.data)
    .data                                    0x20002018   Section       12  pstorage.o(.data)
    m_next_app_instance                      0x20002018   Data           2  pstorage.o(.data)
    m_next_page_addr                         0x2000201c   Data           4  pstorage.o(.data)
    m_round_val                              0x20002020   Data           2  pstorage.o(.data)
    m_module_initialized                     0x20002022   Data           1  pstorage.o(.data)
    m_swap_state                             0x20002023   Data           1  pstorage.o(.data)
    .data                                    0x20002024   Section       14  app_scheduler.o(.data)
    m_queue_event_headers                    0x20002024   Data           4  app_scheduler.o(.data)
    m_queue_event_data                       0x20002028   Data           4  app_scheduler.o(.data)
    m_queue_start_index                      0x2000202c   Data           1  app_scheduler.o(.data)
    m_queue_end_index                        0x2000202d   Data           1  app_scheduler.o(.data)
    m_queue_event_size                       0x2000202e   Data           2  app_scheduler.o(.data)
    m_queue_size                             0x20002030   Data           2  app_scheduler.o(.data)
    .data                                    0x20002034   Section       41  app_timer.o(.data)
    m_node_array_size                        0x20002034   Data           1  app_timer.o(.data)
    mp_nodes                                 0x20002038   Data           4  app_timer.o(.data)
    m_user_array_size                        0x2000203c   Data           1  app_timer.o(.data)
    mp_users                                 0x20002040   Data           4  app_timer.o(.data)
    m_timer_id_head                          0x20002044   Data           4  app_timer.o(.data)
    m_ticks_latest                           0x20002048   Data           4  app_timer.o(.data)
    m_ticks_elapsed                          0x2000204c   Data           8  app_timer.o(.data)
    m_ticks_elapsed_q_read_ind               0x20002054   Data           1  app_timer.o(.data)
    m_ticks_elapsed_q_write_ind              0x20002055   Data           1  app_timer.o(.data)
    m_evt_schedule_func                      0x20002058   Data           4  app_timer.o(.data)
    m_rtc1_running                           0x2000205c   Data           1  app_timer.o(.data)
    .data                                    0x20002060   Section       25  ble_conn_params.o(.data)
    m_preferred_conn_params                  0x20002060   Data           8  ble_conn_params.o(.data)
    m_update_count                           0x20002068   Data           1  ble_conn_params.o(.data)
    m_conn_handle                            0x2000206a   Data           2  ble_conn_params.o(.data)
    m_current_conn_params                    0x2000206c   Data           8  ble_conn_params.o(.data)
    m_conn_params_timer_id                   0x20002074   Data           4  ble_conn_params.o(.data)
    m_change_param                           0x20002078   Data           1  ble_conn_params.o(.data)
    .data                                    0x2000207c   Section       20  softdevice_handler.o(.data)
    m_evt_schedule_func                      0x2000207c   Data           4  softdevice_handler.o(.data)
    m_evt_buffer                             0x20002080   Data           4  softdevice_handler.o(.data)
    m_ble_evt_buffer_size                    0x20002084   Data           2  softdevice_handler.o(.data)
    m_softdevice_enabled                     0x20002086   Data           1  softdevice_handler.o(.data)
    m_ble_evt_handler                        0x20002088   Data           4  softdevice_handler.o(.data)
    m_sys_evt_handler                        0x2000208c   Data           4  softdevice_handler.o(.data)
    .data                                    0x20002090   Section       32  app_button.o(.data)
    mp_buttons                               0x20002090   Data           4  app_button.o(.data)
    m_button_count                           0x20002094   Data           1  app_button.o(.data)
    m_detection_delay                        0x20002098   Data           4  app_button.o(.data)
    m_evt_schedule_func                      0x2000209c   Data           4  app_button.o(.data)
    m_gpiote_user_id                         0x200020a0   Data           1  app_button.o(.data)
    m_detection_delay_timer_id               0x200020a4   Data           4  app_button.o(.data)
    m_pin_transition                         0x200020a8   Data           8  app_button.o(.data)
    .data                                    0x200020b0   Section       12  app_gpiote.o(.data)
    m_enabled_users_mask                     0x200020b0   Data           4  app_gpiote.o(.data)
    m_user_array_size                        0x200020b4   Data           1  app_gpiote.o(.data)
    m_user_count                             0x200020b5   Data           1  app_gpiote.o(.data)
    mp_users                                 0x200020b8   Data           4  app_gpiote.o(.data)
    .data                                    0x200020bc   Section        8  ble_debug_assert_handler.o(.data)
    s_line_num                               0x200020bc   Data           2  ble_debug_assert_handler.o(.data)
    s_error_code                             0x200020c0   Data           4  ble_debug_assert_handler.o(.data)
    .data                                    0x200020c4   Section      121  alpine_tl_state_machine.o(.data)
    step_on_carbon                           0x20002120   Data           1  alpine_tl_state_machine.o(.data)
    step_idle_carbon                         0x20002121   Data           1  alpine_tl_state_machine.o(.data)
    num_steps                                0x20002124   Data           4  alpine_tl_state_machine.o(.data)
    cycle_time_ms                            0x20002128   Data           4  alpine_tl_state_machine.o(.data)
    step_time_ms                             0x2000212c   Data           4  alpine_tl_state_machine.o(.data)
    temp                                     0x20002130   Data           4  alpine_tl_state_machine.o(.data)
    sub_state                                0x20002134   Data           1  alpine_tl_state_machine.o(.data)
    sub_state                                0x20002135   Data           1  alpine_tl_state_machine.o(.data)
    num_steps_taken                          0x20002136   Data           1  alpine_tl_state_machine.o(.data)
    nil                                      0x20002138   Data           4  alpine_tl_state_machine.o(.data)
    i                                        0x2000213c   Data           1  alpine_tl_state_machine.o(.data)
    .data                                    0x20002140   Section        4  radian_stepper.o(.data)
    stepNum                                  0x20002140   Data           4  radian_stepper.o(.data)
    .bss                                     0x20002144   Section     1168  main.o(.bss)
    m_ble_sm                                 0x20002144   Data          56  main.o(.bss)
    APP_TIMER_BUF                            0x2000217c   Data         696  main.o(.bss)
    incoming_vals                            0x20002434   Data          90  main.o(.bss)
    m_auth_status                            0x2000248e   Data          50  main.o(.bss)
    EVT_BUFFER                               0x200024c0   Data          80  main.o(.bss)
    APP_SCHED_BUF                            0x20002510   Data         176  main.o(.bss)
    app_gpiote_buf                           0x200025c0   Data          20  main.o(.bss)
    .bss                                     0x200025d4   Section      636  pstorage.o(.bss)
    m_cmd_queue                              0x200025d4   Data         604  pstorage.o(.bss)
    m_app_table                              0x20002830   Data          32  pstorage.o(.bss)
    .bss                                     0x20002850   Section       28  ble_conn_params.o(.bss)
    m_conn_params_config                     0x20002850   Data          28  ble_conn_params.o(.bss)
    .bss                                     0x2000286c   Section      128  ble_debug_assert_handler.o(.bss)
    s_file_name                              0x2000286c   Data         128  ble_debug_assert_handler.o(.bss)
    .bss                                     0x200028ec   Section       90  alpine_tl_state_machine.o(.bss)
    STACK                                    0x20002948   Section     2048  arm_startup_nrf51.o(STACK)

    Global Symbols

    Symbol Name                              Value     Ov Type        Size  Object(Section)

    BuildAttributes$$THM_ISAv3M$S$PE$A:L22$X:L11$S22$IEEE1$IW$USESV6$~STKCKD$USESV7$~SHL$OSPACE$EBA8$MICROLIB$REQ8$PRES8$EABIv2 0x00000000   Number         0  anon$$obj.o ABSOLUTE
    __ARM_use_no_argv                        0x00000000   Number         0  main.o ABSOLUTE
    __cpp_initialize__aeabi_                  - Undefined Weak Reference
    __cxa_finalize                            - Undefined Weak Reference
    _clock_init                               - Undefined Weak Reference
    _microlib_exit                            - Undefined Weak Reference
    __Vectors_Size                           0x000000c0   Number         0  arm_startup_nrf51.o ABSOLUTE
    __Vectors                                0x00016000   Data           4  arm_startup_nrf51.o(RESET)
    __Vectors_End                            0x000160c0   Data           0  arm_startup_nrf51.o(RESET)
    __main                                   0x000160c1   Thumb Code     0  entry.o(.ARM.Collect$$$$00000000)
    _main_stk                                0x000160c1   Thumb Code     0  entry2.o(.ARM.Collect$$$$00000001)
    _main_scatterload                        0x000160c5   Thumb Code     0  entry5.o(.ARM.Collect$$$$00000004)
    __main_after_scatterload                 0x000160c9   Thumb Code     0  entry5.o(.ARM.Collect$$$$00000004)
    _main_clock                              0x000160c9   Thumb Code     0  entry7b.o(.ARM.Collect$$$$00000008)
    _main_cpp_init                           0x000160c9   Thumb Code     0  entry8b.o(.ARM.Collect$$$$0000000A)
    _main_init                               0x000160c9   Thumb Code     0  entry9a.o(.ARM.Collect$$$$0000000B)
    __rt_final_cpp                           0x000160d1   Thumb Code     0  entry10a.o(.ARM.Collect$$$$0000000D)
    __rt_final_exit                          0x000160d1   Thumb Code     0  entry11a.o(.ARM.Collect$$$$0000000F)
    __asm___11_app_timer_c_cd27f9c3__nrf_delay_us 0x000160d5   Thumb Code    30  app_timer.o(.emb_text)
    Reset_Handler                            0x000160f5   Thumb Code    26  arm_startup_nrf51.o(.text)
    NMI_Handler                              0x0001610f   Thumb Code     2  arm_startup_nrf51.o(.text)
    HardFault_Handler                        0x00016111   Thumb Code     2  arm_startup_nrf51.o(.text)
    SVC_Handler                              0x00016113   Thumb Code     2  arm_startup_nrf51.o(.text)
    PendSV_Handler                           0x00016115   Thumb Code     2  arm_startup_nrf51.o(.text)
    SysTick_Handler                          0x00016117   Thumb Code     2  arm_startup_nrf51.o(.text)
    ADC_IRQHandler                           0x00016119   Thumb Code     0  arm_startup_nrf51.o(.text)
    CCM_AAR_IRQHandler                       0x00016119   Thumb Code     0  arm_startup_nrf51.o(.text)
    ECB_IRQHandler                           0x00016119   Thumb Code     0  arm_startup_nrf51.o(.text)
    LPCOMP_IRQHandler                        0x00016119   Thumb Code     0  arm_startup_nrf51.o(.text)
    POWER_CLOCK_IRQHandler                   0x00016119   Thumb Code     0  arm_startup_nrf51.o(.text)
    QDEC_IRQHandler                          0x00016119   Thumb Code     0  arm_startup_nrf51.o(.text)
    RADIO_IRQHandler                         0x00016119   Thumb Code     0  arm_startup_nrf51.o(.text)
    RNG_IRQHandler                           0x00016119   Thumb Code     0  arm_startup_nrf51.o(.text)
    RTC0_IRQHandler                          0x00016119   Thumb Code     0  arm_startup_nrf51.o(.text)
    SPI0_TWI0_IRQHandler                     0x00016119   Thumb Code     0  arm_startup_nrf51.o(.text)
    SPI1_TWI1_IRQHandler                     0x00016119   Thumb Code     0  arm_startup_nrf51.o(.text)
    SWI1_IRQHandler                          0x00016119   Thumb Code     0  arm_startup_nrf51.o(.text)
    SWI3_IRQHandler                          0x00016119   Thumb Code     0  arm_startup_nrf51.o(.text)
    SWI4_IRQHandler                          0x00016119   Thumb Code     0  arm_startup_nrf51.o(.text)
    SWI5_IRQHandler                          0x00016119   Thumb Code     0  arm_startup_nrf51.o(.text)
    TEMP_IRQHandler                          0x00016119   Thumb Code     0  arm_startup_nrf51.o(.text)
    TIMER0_IRQHandler                        0x00016119   Thumb Code     0  arm_startup_nrf51.o(.text)
    TIMER1_IRQHandler                        0x00016119   Thumb Code     0  arm_startup_nrf51.o(.text)
    TIMER2_IRQHandler                        0x00016119   Thumb Code     0  arm_startup_nrf51.o(.text)
    UART0_IRQHandler                         0x00016119   Thumb Code     0  arm_startup_nrf51.o(.text)
    WDT_IRQHandler                           0x00016119   Thumb Code     0  arm_startup_nrf51.o(.text)
    SystemCoreClockUpdate                    0x0001612d   Thumb Code     8  system_nrf51.o(.text)
    SystemInit                               0x000161d1   Thumb Code    38  system_nrf51.o(.text)
    app_error_handler                        0x00016215   Thumb Code    20  main.o(.text)
    assert_nrf_callback                      0x00016229   Thumb Code    18  main.o(.text)
    main                                     0x000168df   Thumb Code    64  main.o(.text)
    ble_sm_on_ble_evt                        0x00016f2d   Thumb Code    58  app_state_machine.o(.text)
    ble_sm_init                              0x00016f67   Thumb Code   158  app_state_machine.o(.text)
    ble_sm_state_update                      0x00017005   Thumb Code     6  app_state_machine.o(.text)
    pstorage_sys_event_handler               0x00017547   Thumb Code   326  pstorage.o(.text)
    pstorage_init                            0x0001768d   Thumb Code   196  pstorage.o(.text)
    pstorage_register                        0x00017751   Thumb Code   360  pstorage.o(.text)
    pstorage_block_identifier_get            0x000178b9   Thumb Code   136  pstorage.o(.text)
    pstorage_store                           0x00017941   Thumb Code   202  pstorage.o(.text)
    pstorage_update                          0x00017a0b   Thumb Code   202  pstorage.o(.text)
    pstorage_load                            0x00017ad5   Thumb Code   226  pstorage.o(.text)
    pstorage_clear                           0x00017bb7   Thumb Code   184  pstorage.o(.text)
    pstorage_access_status_get               0x00017c6f   Thumb Code    36  pstorage.o(.text)
    ble_advdata_set                          0x0001821d   Thumb Code   122  ble_advdata.o(.text)
    app_sched_init                           0x000182ad   Thumb Code    66  app_scheduler.o(.text)
    app_sched_event_put                      0x000182ef   Thumb Code   238  app_scheduler.o(.text)
    app_sched_execute                        0x00018431   Thumb Code    30  app_scheduler.o(.text)
    RTC1_IRQHandler                          0x00018ce7   Thumb Code    34  app_timer.o(.text)
    SWI0_IRQHandler                          0x00018d09   Thumb Code     8  app_timer.o(.text)
    app_timer_init                           0x00018d11   Thumb Code   250  app_timer.o(.text)
    app_timer_create                         0x00018e0b   Thumb Code   108  app_timer.o(.text)
    app_timer_start                          0x00018e99   Thumb Code    98  app_timer.o(.text)
    app_timer_stop                           0x00018efb   Thumb Code    60  app_timer.o(.text)
    app_timer_stop_all                       0x00018f37   Thumb Code    26  app_timer.o(.text)
    app_timer_cnt_get                        0x00018f51   Thumb Code    14  app_timer.o(.text)
    app_timer_cnt_diff_compute               0x00018f5f   Thumb Code    22  app_timer.o(.text)
    ble_conn_params_init                     0x000190db   Thumb Code    90  ble_conn_params.o(.text)
    ble_conn_params_stop                     0x00019135   Thumb Code    12  ble_conn_params.o(.text)
    ble_conn_params_on_ble_evt               0x00019283   Thumb Code    62  ble_conn_params.o(.text)
    ble_conn_params_change_conn_params       0x000192c1   Thumb Code    86  ble_conn_params.o(.text)
    softdevice_assertion_handler             0x0001933d   Thumb Code    18  softdevice_handler.o(.text)
    intern_softdevice_events_execute         0x0001934f   Thumb Code   168  softdevice_handler.o(.text)
    softdevice_handler_init                  0x000193f7   Thumb Code    84  softdevice_handler.o(.text)
    softdevice_handler_sd_disable            0x0001944b   Thumb Code    24  softdevice_handler.o(.text)
    softdevice_ble_evt_handler_set           0x00019463   Thumb Code    18  softdevice_handler.o(.text)
    softdevice_sys_evt_handler_set           0x00019475   Thumb Code    18  softdevice_handler.o(.text)
    SWI2_IRQHandler                          0x00019487   Thumb Code    52  softdevice_handler.o(.text)
    app_button_init                          0x00019627   Thumb Code   132  app_button.o(.text)
    app_button_enable                        0x000196ab   Thumb Code    24  app_button.o(.text)
    app_button_disable                       0x000196c3   Thumb Code    42  app_button.o(.text)
    app_button_is_pushed                     0x000196ed   Thumb Code   108  app_button.o(.text)
    GPIOTE_IRQHandler                        0x0001982d   Thumb Code   158  app_gpiote.o(.text)
    app_gpiote_init                          0x0001992d   Thumb Code   116  app_gpiote.o(.text)
    app_gpiote_user_register                 0x000199a1   Thumb Code   138  app_gpiote.o(.text)
    app_gpiote_user_enable                   0x00019a2b   Thumb Code   226  app_gpiote.o(.text)
    app_gpiote_user_disable                  0x00019b0d   Thumb Code    66  app_gpiote.o(.text)
    app_gpiote_pins_state_get                0x00019b4f   Thumb Code    52  app_gpiote.o(.text)
    ble_debug_assert_handler                 0x00019c19   Thumb Code    46  ble_debug_assert_handler.o(.text)
    ProcessEvents                            0x00019fa3   Thumb Code    98  alpine_tl_state_machine.o(.text)
    RegularTimerDone                         0x0001a031   Thumb Code    12  alpine_tl_state_machine.o(.text)
    PeripheralTimerDone                      0x0001a03d   Thumb Code   180  alpine_tl_state_machine.o(.text)
    StartupStateMachine                      0x0001a107   Thumb Code    20  alpine_tl_state_machine.o(.text)
    init_alpine_pins                         0x0001a139   Thumb Code   148  alpine_boards.o(.text)
    InitStepperPins                          0x0001a1f5   Thumb Code    52  radian_stepper.o(.text)
    SetStepperPWM                            0x0001a229   Thumb Code     2  radian_stepper.o(.text)
    Brake                                    0x0001a22b   Thumb Code    40  radian_stepper.o(.text)
    Step                                     0x0001a253   Thumb Code   152  radian_stepper.o(.text)
    EnableStepper                            0x0001a2eb   Thumb Code    16  radian_stepper.o(.text)
    DisableStepper                           0x0001a2fb   Thumb Code    16  radian_stepper.o(.text)
    __aeabi_uidiv                            0x0001a339   Thumb Code     0  uidiv.o(.text)
    __aeabi_uidivmod                         0x0001a339   Thumb Code    44  uidiv.o(.text)
    __aeabi_idiv                             0x0001a365   Thumb Code     0  idiv.o(.text)
    __aeabi_idivmod                          0x0001a365   Thumb Code    40  idiv.o(.text)
    __aeabi_memcpy                           0x0001a38d   Thumb Code    36  memcpya.o(.text)
    __aeabi_memcpy4                          0x0001a38d   Thumb Code     0  memcpya.o(.text)
    __aeabi_memcpy8                          0x0001a38d   Thumb Code     0  memcpya.o(.text)
    __aeabi_memset                           0x0001a3b1   Thumb Code    14  memseta.o(.text)
    __aeabi_memset4                          0x0001a3b1   Thumb Code     0  memseta.o(.text)
    __aeabi_memset8                          0x0001a3b1   Thumb Code     0  memseta.o(.text)
    __aeabi_memclr                           0x0001a3bf   Thumb Code     4  memseta.o(.text)
    __aeabi_memclr4                          0x0001a3bf   Thumb Code     0  memseta.o(.text)
    __aeabi_memclr8                          0x0001a3bf   Thumb Code     0  memseta.o(.text)
    _memset$wrapper                          0x0001a3c3   Thumb Code    18  memseta.o(.text)
    strncpy                                  0x0001a3d5   Thumb Code    26  strncpy.o(.text)
    __scatterload                            0x0001a3f1   Thumb Code    28  init.o(.text)
    __scatterload_rt2                        0x0001a3f1   Thumb Code     0  init.o(.text)
    __decompress                             0x0001a415   Thumb Code     0  __dczerorl.o(.text)
    __decompress0                            0x0001a415   Thumb Code    58  __dczerorl.o(.text)
    __ARM_common_switch8                     0x0001a44f   Thumb Code    28  pstorage.o(i.__ARM_common_switch8)
    __scatterload_copy                       0x0001a46b   Thumb Code    14  handlers.o(i.__scatterload_copy)
    __scatterload_null                       0x0001a479   Thumb Code     2  handlers.o(i.__scatterload_null)
    __scatterload_zeroinit                   0x0001a47b   Thumb Code    14  handlers.o(i.__scatterload_zeroinit)
    Region$$Table$$Base                      0x0001a49c   Number         0  anon$$obj.o(Region$$Table)
    Region$$Table$$Limit                     0x0001a4ac   Number         0  anon$$obj.o(Region$$Table)
    SystemCoreClock                          0x20002000   Data           4  system_nrf51.o(.data)
    Event_queue                              0x200020c4   Data          10  alpine_tl_state_machine.o(.data)
    Event_q_index                            0x200020ce   Data           1  alpine_tl_state_machine.o(.data)
    Curr_state                               0x200020cf   Data           1  alpine_tl_state_machine.o(.data)
    Next_state                               0x200020d0   Data           1  alpine_tl_state_machine.o(.data)
    Curr_p_state                             0x200020d1   Data           1  alpine_tl_state_machine.o(.data)
    Next_p_state                             0x200020d2   Data           1  alpine_tl_state_machine.o(.data)
    Num_timelapses                           0x200020d3   Data           1  alpine_tl_state_machine.o(.data)
    Preload_motion1                          0x200020d4   Data           1  alpine_tl_state_machine.o(.data)
    Preload_motion2                          0x200020d5   Data           1  alpine_tl_state_machine.o(.data)
    Execute_on_start                         0x200020d6   Data           1  alpine_tl_state_machine.o(.data)
    Looping                                  0x200020d7   Data           1  alpine_tl_state_machine.o(.data)
    Starting_up                              0x200020d8   Data           1  alpine_tl_state_machine.o(.data)
    Shutter_on_time_ms                       0x200020dc   Data           4  alpine_tl_state_machine.o(.data)
    Shutter_to_move_time_ms                  0x200020e0   Data           4  alpine_tl_state_machine.o(.data)
    Step_on_time_ms                          0x200020e4   Data           4  alpine_tl_state_machine.o(.data)
    Step_idle_time_ms                        0x200020e8   Data           4  alpine_tl_state_machine.o(.data)
    Move_to_shutter_time_ms                  0x200020ec   Data           4  alpine_tl_state_machine.o(.data)
    Num_steps_per_move                       0x200020f0   Data           4  alpine_tl_state_machine.o(.data)
    Set_cycle_time_ms                        0x200020f4   Data           4  alpine_tl_state_machine.o(.data)
    Direction                                0x200020f8   Data           1  alpine_tl_state_machine.o(.data)
    Drive_duty                               0x200020f9   Data           1  alpine_tl_state_machine.o(.data)
    Idle_duty                                0x200020fa   Data           1  alpine_tl_state_machine.o(.data)
    Bramping_on                              0x200020fb   Data           1  alpine_tl_state_machine.o(.data)
    Sramping_on                              0x200020fc   Data           1  alpine_tl_state_machine.o(.data)
    Iramping_on                              0x200020fd   Data           1  alpine_tl_state_machine.o(.data)
    Pc_sync_on                               0x200020fe   Data           1  alpine_tl_state_machine.o(.data)
    Hdr_on                                   0x200020ff   Data           1  alpine_tl_state_machine.o(.data)
    Usb_cntrl_on                             0x20002100   Data           1  alpine_tl_state_machine.o(.data)
    Num_photos_to_take                       0x20002104   Data           4  alpine_tl_state_machine.o(.data)
    Num_photos_taken                         0x20002108   Data           4  alpine_tl_state_machine.o(.data)
    Front_delay_time_ms                      0x2000210c   Data           4  alpine_tl_state_machine.o(.data)
    Preload_flag                             0x20002110   Data           1  alpine_tl_state_machine.o(.data)
    Regular_sm_timer                         0x20002114   Data           4  alpine_tl_state_machine.o(.data)
    Secondary_sm_timer                       0x20002118   Data           4  alpine_tl_state_machine.o(.data)
    EventClearTimer                          0x2000211c   Data           4  alpine_tl_state_machine.o(.data)
    Current_packet                           0x200028ec   Data          90  alpine_tl_state_machine.o(.bss)
    __initial_sp                             0x20003148   Data           0  arm_startup_nrf51.o(STACK)



==============================================================================

Memory Map of the image

  Image Entry point : 0x000160c1

  Load Region LR_IROM1 (Base: 0x00016000, Size: 0x000045f0, Max: 0x00024000, ABSOLUTE, COMPRESSED[0x000044e0])

    Execution Region ER_IROM1 (Base: 0x00016000, Size: 0x000044ac, Max: 0x00024000, ABSOLUTE)

    Base Addr    Size         Type   Attr      Idx    E Section Name        Object

    0x00016000   0x000000c0   Data   RO            3    RESET               arm_startup_nrf51.o
    0x000160c0   0x00000000   Code   RO          805  * .ARM.Collect$$$$00000000  mc_p.l(entry.o)
    0x000160c0   0x00000004   Code   RO          822    .ARM.Collect$$$$00000001  mc_p.l(entry2.o)
    0x000160c4   0x00000004   Code   RO          825    .ARM.Collect$$$$00000004  mc_p.l(entry5.o)
    0x000160c8   0x00000000   Code   RO          827    .ARM.Collect$$$$00000008  mc_p.l(entry7b.o)
    0x000160c8   0x00000000   Code   RO          829    .ARM.Collect$$$$0000000A  mc_p.l(entry8b.o)
    0x000160c8   0x00000008   Code   RO          830    .ARM.Collect$$$$0000000B  mc_p.l(entry9a.o)
    0x000160d0   0x00000000   Code   RO          832    .ARM.Collect$$$$0000000D  mc_p.l(entry10a.o)
    0x000160d0   0x00000000   Code   RO          834    .ARM.Collect$$$$0000000F  mc_p.l(entry11a.o)
    0x000160d0   0x00000004   Code   RO          823    .ARM.Collect$$$$00002712  mc_p.l(entry2.o)
    0x000160d4   0x0000001e   Code   RO          519    .emb_text           app_timer.o
    0x000160f2   0x00000002   PAD
    0x000160f4   0x00000038   Code   RO            4    .text               arm_startup_nrf51.o
    0x0001612c   0x000000e8   Code   RO           12    .text               system_nrf51.o
    0x00016214   0x00000850   Code   RO           69    .text               main.o
    0x00016a64   0x000005b0   Code   RO          282    .text               app_state_machine.o
    0x00017014   0x00000c98   Code   RO          381    .text               pstorage.o
    0x00017cac   0x00000600   Code   RO          441    .text               ble_advdata.o
    0x000182ac   0x00000264   Code   RO          482    .text               app_scheduler.o
    0x00018510   0x00000b24   Code   RO          520    .text               app_timer.o
    0x00019034   0x00000308   Code   RO          564    .text               ble_conn_params.o
    0x0001933c   0x000001d4   Code   RO          600    .text               softdevice_handler.o
    0x00019510   0x0000029c   Code   RO          637    .text               app_button.o
    0x000197ac   0x0000046c   Code   RO          671    .text               app_gpiote.o
    0x00019c18   0x0000003c   Code   RO          702    .text               ble_debug_assert_handler.o
    0x00019c54   0x000004e4   Code   RO          730    .text               alpine_tl_state_machine.o
    0x0001a138   0x000000ba   Code   RO          760    .text               alpine_boards.o
    0x0001a1f2   0x00000002   PAD
    0x0001a1f4   0x00000144   Code   RO          783    .text               radian_stepper.o
    0x0001a338   0x0000002c   Code   RO          808    .text               mc_p.l(uidiv.o)
    0x0001a364   0x00000028   Code   RO          810    .text               mc_p.l(idiv.o)
    0x0001a38c   0x00000024   Code   RO          812    .text               mc_p.l(memcpya.o)
    0x0001a3b0   0x00000024   Code   RO          814    .text               mc_p.l(memseta.o)
    0x0001a3d4   0x0000001a   Code   RO          816    .text               mc_p.l(strncpy.o)
    0x0001a3ee   0x00000002   PAD
    0x0001a3f0   0x00000024   Code   RO          836    .text               mc_p.l(init.o)
    0x0001a414   0x0000003a   Code   RO          846    .text               mc_p.l(__dczerorl.o)
    0x0001a44e   0x0000001c   Code   RO          399    i.__ARM_common_switch8  pstorage.o
    0x0001a46a   0x0000000e   Code   RO          840    i.__scatterload_copy  mc_p.l(handlers.o)
    0x0001a478   0x00000002   Code   RO          841    i.__scatterload_null  mc_p.l(handlers.o)
    0x0001a47a   0x0000000e   Code   RO          842    i.__scatterload_zeroinit  mc_p.l(handlers.o)
    0x0001a488   0x00000004   Data   RO           71    .constdata          main.o
    0x0001a48c   0x00000010   Data   RO          283    .constdata          app_state_machine.o
    0x0001a49c   0x00000010   Data   RO          838    Region$$Table       anon$$obj.o


    Execution Region RW_IRAM1 (Base: 0x20002000, Size: 0x00001148, Max: 0x00002000, ABSOLUTE, UNINIT, COMPRESSED[0x00000034])

    Base Addr    Size         Type   Attr      Idx    E Section Name        Object

    0x20002000   0x00000004   Data   RW           13    .data               system_nrf51.o
    0x20002004   0x00000014   Data   RW           72    .data               main.o
    0x20002018   0x0000000c   Data   RW          383    .data               pstorage.o
    0x20002024   0x0000000e   Data   RW          483    .data               app_scheduler.o
    0x20002032   0x00000002   PAD
    0x20002034   0x00000029   Data   RW          521    .data               app_timer.o
    0x2000205d   0x00000003   PAD
    0x20002060   0x00000019   Data   RW          566    .data               ble_conn_params.o
    0x20002079   0x00000003   PAD
    0x2000207c   0x00000014   Data   RW          601    .data               softdevice_handler.o
    0x20002090   0x00000020   Data   RW          638    .data               app_button.o
    0x200020b0   0x0000000c   Data   RW          672    .data               app_gpiote.o
    0x200020bc   0x00000008   Data   RW          704    .data               ble_debug_assert_handler.o
    0x200020c4   0x00000079   Data   RW          732    .data               alpine_tl_state_machine.o
    0x2000213d   0x00000003   PAD
    0x20002140   0x00000004   Data   RW          784    .data               radian_stepper.o
    0x20002144   0x00000490   Zero   RW           70    .bss                main.o
    0x200025d4   0x0000027c   Zero   RW          382    .bss                pstorage.o
    0x20002850   0x0000001c   Zero   RW          565    .bss                ble_conn_params.o
    0x2000286c   0x00000080   Zero   RW          703    .bss                ble_debug_assert_handler.o
    0x200028ec   0x0000005a   Zero   RW          731    .bss                alpine_tl_state_machine.o
    0x20002946   0x00000002   PAD
    0x20002948   0x00000800   Zero   RW            1    STACK               arm_startup_nrf51.o


==============================================================================

Image component sizes


      Code (inc. data)   RO Data    RW Data    ZI Data      Debug   Object Name

       186          0          0          0          0       2943   alpine_boards.o
      1252        178          0        121         90       8893   alpine_tl_state_machine.o
       668         84          0         32          0       8876   app_button.o
      1132         40          0         12          0      11878   app_gpiote.o
       612         90          0         14          0      12451   app_scheduler.o
      1456         16         16          0          0      40932   app_state_machine.o
      2882        202          0         41          0      23777   app_timer.o
        56         18        192          0       2048        736   arm_startup_nrf51.o
      1536          4          0          0          0      33450   ble_advdata.o
       776         38          0         25         28      14226   ble_conn_params.o
        60         14          0          8        128       1391   ble_debug_assert_handler.o
         0          0          0          0          0       4100   ble_srv_common.o
      2128        274          4         20       1168      55553   main.o
      3252         90          0         12        636      12398   pstorage.o
       324          8          0          4          0       3752   radian_stepper.o
       468         86          0         20          0       9260   softdevice_handler.o
       232         30          0          4          0      21601   system_nrf51.o

    ----------------------------------------------------------------------
     17024       1172        228        324       4100     266217   Object Totals
         0          0         16          0          0          0   (incl. Generated)
         4          0          0         11          2          0   (incl. Padding)

    ----------------------------------------------------------------------

      Code (inc. data)   RO Data    RW Data    ZI Data      Debug   Library Member Name

        58          0          0          0          0          0   __dczerorl.o
         0          0          0          0          0          0   entry.o
         0          0          0          0          0          0   entry10a.o
         0          0          0          0          0          0   entry11a.o
         8          4          0          0          0          0   entry2.o
         4          0          0          0          0          0   entry5.o
         0          0          0          0          0          0   entry7b.o
         0          0          0          0          0          0   entry8b.o
         8          4          0          0          0          0   entry9a.o
        30          0          0          0          0          0   handlers.o
        40          0          0          0          0         72   idiv.o
        36          8          0          0          0         68   init.o
        36          0          0          0          0         60   memcpya.o
        36          0          0          0          0        100   memseta.o
        26          0          0          0          0         68   strncpy.o
        44          0          0          0          0         72   uidiv.o

    ----------------------------------------------------------------------
       328         16          0          0          0        440   Library Totals
         2          0          0          0          0          0   (incl. Padding)

    ----------------------------------------------------------------------

      Code (inc. data)   RO Data    RW Data    ZI Data      Debug   Library Name

       326         16          0          0          0        440   mc_p.l

    ----------------------------------------------------------------------
       328         16          0          0          0        440   Library Totals

    ----------------------------------------------------------------------

==============================================================================


      Code (inc. data)   RO Data    RW Data    ZI Data      Debug   

     17352       1188        228        324       4100     265905   Grand Totals
     17352       1188        228         52       4100     265905   ELF Image Totals (compressed)
     17352       1188        228         52          0          0   ROM Totals

==============================================================================

    Total RO  Size (Code + RO Data)                17580 (  17.17kB)
    Total RW  Size (RW Data + ZI Data)              4424 (   4.32kB)
    Total ROM Size (Code + RO Data + RW Data)      17632 (  17.22kB)

==============================================================================

